Archive member included to satisfy reference by file (symbol)

app/libapp.a(stdlib.c.obj)    (--whole-archive)
app/libapp.a(activity.c.obj)  (--whole-archive)
app/libapp.a(behavior.c.obj)  (--whole-archive)
app/libapp.a(kscan.c.obj)     (--whole-archive)
app/libapp.a(matrix_transform.c.obj)
                              (--whole-archive)
app/libapp.a(sensors.c.obj)   (--whole-archive)
app/libapp.a(event_manager.c.obj)
                              (--whole-archive)
app/libapp.a(ext_power_generic.c.obj)
                              (--whole-archive)
app/libapp.a(activity_state_changed.c.obj)
                              (--whole-archive)
app/libapp.a(position_state_changed.c.obj)
                              (--whole-archive)
app/libapp.a(sensor_event.c.obj)
                              (--whole-archive)
app/libapp.a(mouse_button_state_changed.c.obj)
                              (--whole-archive)
app/libapp.a(usb_conn_state_changed.c.obj)
                              (--whole-archive)
app/libapp.a(behavior_reset.c.obj)
                              (--whole-archive)
app/libapp.a(behavior_ext_power.c.obj)
                              (--whole-archive)
app/libapp.a(battery_state_changed.c.obj)
                              (--whole-archive)
app/libapp.a(battery.c.obj)   (--whole-archive)
app/libapp.a(split_peripheral_status_changed.c.obj)
                              (--whole-archive)
app/libapp.a(split_listener.c.obj)
                              (--whole-archive)
app/libapp.a(service.c.obj)   (--whole-archive)
app/libapp.a(peripheral.c.obj)
                              (--whole-archive)
app/libapp.a(usb.c.obj)       (--whole-archive)
app/libapp.a(workqueue.c.obj)
                              (--whole-archive)
app/libapp.a(main.c.obj)      (--whole-archive)
app/libapp.a(reset_settings_nvs.c.obj)
                              (--whole-archive)
zephyr/libzephyr.a(crc32c_sw.c.obj)
                              (--whole-archive)
zephyr/libzephyr.a(crc32_sw.c.obj)
                              (--whole-archive)
zephyr/libzephyr.a(crc16_sw.c.obj)
                              (--whole-archive)
zephyr/libzephyr.a(crc8_sw.c.obj)
                              (--whole-archive)
zephyr/libzephyr.a(crc7_sw.c.obj)
                              (--whole-archive)
zephyr/libzephyr.a(crc4_sw.c.obj)
                              (--whole-archive)
zephyr/libzephyr.a(cbprintf_packaged.c.obj)
                              (--whole-archive)
zephyr/libzephyr.a(dec.c.obj)
                              (--whole-archive)
zephyr/libzephyr.a(hex.c.obj)
                              (--whole-archive)
zephyr/libzephyr.a(printk.c.obj)
                              (--whole-archive)
zephyr/libzephyr.a(rb.c.obj)  (--whole-archive)
zephyr/libzephyr.a(sem.c.obj)
                              (--whole-archive)
zephyr/libzephyr.a(thread_entry.c.obj)
                              (--whole-archive)
zephyr/libzephyr.a(timeutil.c.obj)
                              (--whole-archive)
zephyr/libzephyr.a(heap.c.obj)
                              (--whole-archive)
zephyr/libzephyr.a(heap-validate.c.obj)
                              (--whole-archive)
zephyr/libzephyr.a(bitarray.c.obj)
                              (--whole-archive)
zephyr/libzephyr.a(multi_heap.c.obj)
                              (--whole-archive)
zephyr/libzephyr.a(onoff.c.obj)
                              (--whole-archive)
zephyr/libzephyr.a(notify.c.obj)
                              (--whole-archive)
zephyr/libzephyr.a(cbprintf_nano.c.obj)
                              (--whole-archive)
zephyr/libzephyr.a(assert.c.obj)
                              (--whole-archive)
zephyr/libzephyr.a(reboot.c.obj)
                              (--whole-archive)
zephyr/libzephyr.a(configs.c.obj)
                              (--whole-archive)
zephyr/libzephyr.a(soc_nrf_common.S.obj)
                              (--whole-archive)
zephyr/libzephyr.a(validate_base_addresses.c.obj)
                              (--whole-archive)
zephyr/libzephyr.a(validate_enabled_instances.c.obj)
                              (--whole-archive)
zephyr/libzephyr.a(nvs.c.obj)
                              (--whole-archive)
zephyr/libzephyr.a(mem_attr.c.obj)
                              (--whole-archive)
zephyr/libzephyr.a(flash_map.c.obj)
                              (--whole-archive)
zephyr/libzephyr.a(flash_map_default.c.obj)
                              (--whole-archive)
zephyr/libzephyr.a(flash_map_layout.c.obj)
                              (--whole-archive)
zephyr/libzephyr.a(tracing_none.c.obj)
                              (--whole-archive)
zephyr/libzephyr.a(usb_device.c.obj)
                              (--whole-archive)
zephyr/libzephyr.a(usb_descriptor.c.obj)
                              (--whole-archive)
zephyr/libzephyr.a(usb_transfer.c.obj)
                              (--whole-archive)
zephyr/libzephyr.a(dis.c.obj)
                              (--whole-archive)
[...]
Memory Configuration

Name             Origin             Length             Attributes
FLASH            0x0000000000026000 0x00000000000c6000 xr
RAM              0x0000000020000000 0x0000000000040000 xw
IDT_LIST         0x00000000fffff7ff 0x0000000000000800 xw
*default*        0x0000000000000000 0xffffffffffffffff

Linker script and memory map

                0x0000000000044314                vfprintf = __i_vfprintf
                0x0000000000000000                vfscanf = __i_vfscanf
LOAD zephyr/CMakeFiles/zephyr_pre0.dir/misc/empty_file.c.obj
LOAD zephyr/CMakeFiles/offsets.dir/./arch/arm/core/offsets/offsets.c.obj
LOAD app/libapp.a
LOAD zephyr/libzephyr.a
LOAD zephyr/arch/common/libarch__common.a
LOAD zephyr/arch/arch/arm/core/libarch__arm__core.a
LOAD zephyr/arch/arch/arm/core/cortex_m/libarch__arm__core__cortex_m.a
LOAD zephyr/arch/arch/arm/core/mpu/libarch__arm__core__mpu.a
LOAD zephyr/lib/libc/picolibc/liblib__libc__picolibc.a
LOAD zephyr/lib/libc/common/liblib__libc__common.a
LOAD zephyr/soc/soc/arm/common/cortex_m/libsoc__arm__common__cortex_m.a
LOAD zephyr/soc/soc/arm/nordic_nrf/nrf52/libsoc__arm__nordic_nrf__nrf52.a
LOAD zephyr/subsys/random/libsubsys__random.a
LOAD zephyr/subsys/bluetooth/common/libsubsys__bluetooth__common.a
LOAD zephyr/subsys/bluetooth/host/libsubsys__bluetooth__host.a
LOAD zephyr/subsys/bluetooth/crypto/libsubsys__bluetooth__crypto.a
LOAD zephyr/subsys/bluetooth/controller/libsubsys__bluetooth__controller.a
LOAD zephyr/subsys/net/libsubsys__net.a
LOAD zephyr/drivers/usb/device/libdrivers__usb__device.a
LOAD zephyr/drivers/adc/libdrivers__adc.a
LOAD zephyr/drivers/clock_control/libdrivers__clock_control.a
LOAD zephyr/drivers/entropy/libdrivers__entropy.a
LOAD zephyr/drivers/flash/libdrivers__flash.a
LOAD zephyr/drivers/gpio/libdrivers__gpio.a
LOAD zephyr/drivers/hwinfo/libdrivers__hwinfo.a
LOAD zephyr/drivers/kscan/libdrivers__kscan.a
LOAD zephyr/drivers/pinctrl/libdrivers__pinctrl.a
LOAD zephyr/drivers/sensor/nrf5/libdrivers__sensor__nrf5.a
LOAD zephyr/drivers/timer/libdrivers__timer.a
LOAD modules/hal_nordic/nrfx/libmodules__hal_nordic__nrfx.a
LOAD modules/module/drivers/sensor/battery/lib..__app__module__drivers__sensor__battery.a
LOAD modules/module/lib/zmk_debounce/lib..__app__module__lib__zmk_debounce.a
LOAD zephyr/kernel/libkernel.a
LOAD /home/gab/zephyr-sdk-0.16.3/arm-zephyr-eabi/bin/../lib/gcc/arm-zephyr-eabi/12.2.0/thumb/v7e-m+fp/hard/libgcc.a
LOAD zephyr/arch/common/libisr_tables.a
LOAD /home/gab/zephyr-sdk-0.16.3/arm-zephyr-eabi/bin/../lib/gcc/../../picolibc/arm-zephyr-eabi/lib/thumb/v7e-m+fp/hard/libc.a
LOAD /home/gab/zephyr-sdk-0.16.3/arm-zephyr-eabi/bin/../lib/gcc/arm-zephyr-eabi/12.2.0/thumb/v7e-m+fp/hard/libgcc.a
                0x0000000000000020                _region_min_align = 0x20

.rel.plt        0x0000000000026000        0x0
 *(SORT_BY_ALIGNMENT(.rel.plt))
                [!provide]                        PROVIDE (__rel_iplt_start = .)
 *(SORT_BY_ALIGNMENT(.rel.iplt))
 .rel.iplt      0x0000000000026000        0x0 app/libapp.a(activity.c.obj)
                [!provide]                        PROVIDE (__rel_iplt_end = .)

.rela.plt       0x0000000000000000        0x0
 *(SORT_BY_ALIGNMENT(.rela.plt))
                [!provide]                        PROVIDE (__rela_iplt_start = .)
 *(SORT_BY_ALIGNMENT(.rela.iplt))
                [!provide]                        PROVIDE (__rela_iplt_end = .)

.rel.dyn
 *(SORT_BY_ALIGNMENT(.rel.*))

.rela.dyn
 *(SORT_BY_ALIGNMENT(.rela.*))

/DISCARD/
 *(SORT_BY_ALIGNMENT(.plt))

/DISCARD/
 *(SORT_BY_ALIGNMENT(.iplt))
                0x0000000000026000                __rom_region_start = 0x26000

rom_start       0x0000000000026000      0x100
                0x0000000000026000                __rom_start_address = .
 FILL mask 0x00
                0x0000000000026000                . = (. + (0x0 - (. - __rom_start_address)))
                0x0000000000026000                . = ALIGN (0x4)
                0x0000000000026000                . = ALIGN (0x80)
                0x0000000000026000                . = ALIGN (0x100)
                0x0000000000026000                _vector_start = .
 *(SORT_BY_ALIGNMENT(.exc_vector_table))
 *(SORT_BY_ALIGNMENT(.exc_vector_table.*))
 .exc_vector_table._vector_table_section
                0x0000000000026000       0x40 zephyr/arch/arch/arm/core/cortex_m/libarch__arm__core__cortex_m.a(vector_table.S.obj)
                0x0000000000026000                _vector_table
 *(SORT_BY_ALIGNMENT(.vectors))
                0x0000000000026100                _vector_end = .
                0x0000000000026040                . = ALIGN (0x4)
 *(SORT_BY_ALIGNMENT(.gnu.linkonce.irq_vector_table*))
 .gnu.linkonce.irq_vector_table
                0x0000000000026040       0xc0 zephyr/arch/common/libisr_tables.a(isr_tables.c.obj)
                0x0000000000026040                _irq_vector_table
                0x0000000000026100                _vector_end = .

text            0x0000000000026100    0x258bc
                0x0000000000026100                __text_region_start = .
 *(SORT_BY_ALIGNMENT(.text))
 .text          0x0000000000026100       0x30 /home/gab/zephyr-sdk-0.16.3/arm-zephyr-eabi/bin/../lib/gcc/arm-zephyr-eabi/12.2.0/thumb/v7e-m+fp/hard/libgcc.a(_aeabi_uldivmod.o)
                0x0000000000026100                __aeabi_uldivmod
 .text          0x0000000000026130        0x4 /home/gab/zephyr-sdk-0.16.3/arm-zephyr-eabi/bin/../lib/gcc/arm-zephyr-eabi/12.2.0/thumb/v7e-m+fp/hard/libgcc.a(_dvmd_tls.o)
                0x0000000000026130                __aeabi_ldiv0
                0x0000000000026130                __aeabi_idiv0
 .text          0x0000000000026134      0x2a0 /home/gab/zephyr-sdk-0.16.3/arm-zephyr-eabi/bin/../lib/gcc/arm-zephyr-eabi/12.2.0/thumb/v7e-m+fp/hard/libgcc.a(_udivmoddi4.o)
                0x0000000000026134                __udivmoddi4
 .text          0x00000000000263d4       0x14 /home/gab/zephyr-sdk-0.16.3/arm-zephyr-eabi/bin/../lib/gcc/../../picolibc/arm-zephyr-eabi/lib/thumb/v7e-m+fp/hard/libc.a(strcmp.S.o)
                0x00000000000263d4                strcmp
 .text          0x00000000000263e8       0x10 /home/gab/zephyr-sdk-0.16.3/arm-zephyr-eabi/bin/../lib/gcc/../../picolibc/arm-zephyr-eabi/lib/thumb/v7e-m+fp/hard/libc.a(strcpy.S.o)
                0x00000000000263e8                strcpy
 .text          0x00000000000263f8       0x10 /home/gab/zephyr-sdk-0.16.3/arm-zephyr-eabi/bin/../lib/gcc/../../picolibc/arm-zephyr-eabi/lib/thumb/v7e-m+fp/hard/libc.a(strlen.S.o)
                0x00000000000263f8                strlen
 *(SORT_BY_ALIGNMENT(.text.*))
 .text.bt_init  0x0000000000026408      0x408 zephyr/subsys/bluetooth/host/libsubsys__bluetooth__host.a(hci_core.c.obj)
 .text.ull_drift_ticks_get
                0x0000000000026810       0x94 zephyr/subsys/bluetooth/controller/libsubsys__bluetooth__controller.a(ull.c.obj)
                0x0000000000026810                ull_drift_ticks_get
 *fill*         0x00000000000268a4        0x4 
 .text.hci_init
                0x00000000000268a8       0x50 zephyr/subsys/bluetooth/controller/libsubsys__bluetooth__controller.a(hci.c.obj)
                0x00000000000268a8                hci_init
 .text.ll_adv_enable
                0x00000000000268f8      0x368 zephyr/subsys/bluetooth/controller/libsubsys__bluetooth__controller.a(ull_adv.c.obj)
                0x00000000000268f8                ll_adv_enable
 .text.ull_adv_time_update
                0x0000000000026c60       0xbc zephyr/subsys/bluetooth/controller/libsubsys__bluetooth__controller.a(ull_adv.c.obj)
                0x0000000000026c60                ull_adv_time_update
 *fill*         0x0000000000026d1c        0x4 
 .text.ull_conn_update_ticker.constprop.0
                0x0000000000026d20      0x12c zephyr/subsys/bluetooth/controller/libsubsys__bluetooth__controller.a(ull_conn.c.obj)
 *fill*         0x0000000000026e4c        0x4 
 .text.ull_conn_done
                0x0000000000026e50      0x3a0 zephyr/subsys/bluetooth/controller/libsubsys__bluetooth__controller.a(ull_conn.c.obj)
                0x0000000000026e50                ull_conn_done
 .text.ull_conn_update_parameters
                0x00000000000271f0      0x214 zephyr/subsys/bluetooth/controller/libsubsys__bluetooth__controller.a(ull_conn.c.obj)
                0x00000000000271f0                ull_conn_update_parameters
 *fill*         0x0000000000027404        0x4 
 .text.ull_periph_setup
                0x0000000000027408      0x450 zephyr/subsys/bluetooth/controller/libsubsys__bluetooth__controller.a(ull_peripheral.c.obj)
                0x0000000000027408                ull_periph_setup
 .text.ull_filter_reset
                0x0000000000027858       0xf4 zephyr/subsys/bluetooth/controller/libsubsys__bluetooth__controller.a(ull_filter.c.obj)
                0x0000000000027858                ull_filter_reset
 *fill*         0x000000000002794c        0x4 
 .text.nrf_flash_sync_exe
                0x0000000000027950       0xf8 zephyr/subsys/bluetooth/controller/libsubsys__bluetooth__controller.a(soc_flash_nrf_ticker.c.obj)
                0x0000000000027950                nrf_flash_sync_exe
 .text.nrf_flash_sync_check_time_limit
                0x0000000000027a48       0x48 zephyr/subsys/bluetooth/controller/libsubsys__bluetooth__controller.a(soc_flash_nrf_ticker.c.obj)
                0x0000000000027a48                nrf_flash_sync_check_time_limit
 .text.prepare_cb
                0x0000000000027a90      0x16c zephyr/subsys/bluetooth/controller/libsubsys__bluetooth__controller.a(lll_adv.c.obj)
 *fill*         0x0000000000027bfc        0x4 
 .text.prepare_cb
                0x0000000000027c00      0x230 zephyr/subsys/bluetooth/controller/libsubsys__bluetooth__controller.a(lll_peripheral.c.obj)
 .text.work_queue_main
                0x0000000000027e30      0x140 zephyr/kernel/libkernel.a(work.c.obj)
 .text.activity_expiry_function
                0x0000000000027f70        0xc app/libapp.a(activity.c.obj)
                0x0000000000027f70                activity_expiry_function
 .text.activity_init
                0x0000000000027f7c       0x3c app/libapp.a(activity.c.obj)
 .text.raise_event
                0x0000000000027fb8        0xc app/libapp.a(activity.c.obj)
                0x0000000000027fb8                raise_event
 .text.set_state
                0x0000000000027fc4       0x18 app/libapp.a(activity.c.obj)
                0x0000000000027fc4                set_state
 .text.activity_event_listener
                0x0000000000027fdc       0x2c app/libapp.a(activity.c.obj)
                0x0000000000027fdc                activity_event_listener
 .text.activity_work_handler
                0x0000000000028008       0x38 app/libapp.a(activity.c.obj)
                0x0000000000028008                activity_work_handler
 .text.zmk_activity_get_state
                0x0000000000028040        0xc app/libapp.a(activity.c.obj)
                0x0000000000028040                zmk_activity_get_state
 .text.z_impl_behavior_get_binding
                0x000000000002804c       0x58 app/libapp.a(behavior.c.obj)
                0x000000000002804c                z_impl_behavior_get_binding
 .text.zmk_kscan_process_msgq
                0x00000000000280a4       0x68 app/libapp.a(kscan.c.obj)
                0x00000000000280a4                zmk_kscan_process_msgq
 .text.zmk_kscan_callback
                0x000000000002810c       0x2c app/libapp.a(kscan.c.obj)
 .text.zmk_kscan_init
                0x0000000000028138       0x38 app/libapp.a(kscan.c.obj)
                0x0000000000028138                zmk_kscan_init
 .text.zmk_matrix_transform_row_column_to_position
                0x0000000000028170       0x24 app/libapp.a(matrix_transform.c.obj)
                0x0000000000028170                zmk_matrix_transform_row_column_to_position
 .text.zmk_event_manager_handle_from
                0x0000000000028194       0x48 app/libapp.a(event_manager.c.obj)
                0x0000000000028194                zmk_event_manager_handle_from
 .text.ext_power_save_state_work
                0x00000000000281dc       0x2c app/libapp.a(ext_power_generic.c.obj)
 .text.ext_power_generic_init
                0x0000000000028208       0xbc app/libapp.a(ext_power_generic.c.obj)
 .text.ext_power_save_state
                0x00000000000282c4       0x18 app/libapp.a(ext_power_generic.c.obj)
                0x00000000000282c4                ext_power_save_state
 .text.ext_power_settings_set
                0x00000000000282dc       0x58 app/libapp.a(ext_power_generic.c.obj)
 .text.raise_zmk_activity_state_changed
                0x0000000000028334       0x20 app/libapp.a(activity_state_changed.c.obj)
                0x0000000000028334                raise_zmk_activity_state_changed
 .text.as_zmk_activity_state_changed
                0x0000000000028354       0x14 app/libapp.a(activity_state_changed.c.obj)
                0x0000000000028354                as_zmk_activity_state_changed
 .text.raise_zmk_position_state_changed
                0x0000000000028368       0x38 app/libapp.a(position_state_changed.c.obj)
                0x0000000000028368                raise_zmk_position_state_changed
 .text.as_zmk_position_state_changed
                0x00000000000283a0       0x14 app/libapp.a(position_state_changed.c.obj)
                0x00000000000283a0                as_zmk_position_state_changed
 .text.raise_zmk_usb_conn_state_changed
                0x00000000000283b4       0x20 app/libapp.a(usb_conn_state_changed.c.obj)
                0x00000000000283b4                raise_zmk_usb_conn_state_changed
 .text.on_keymap_binding_pressed
                0x00000000000283d4       0x58 app/libapp.a(behavior_ext_power.c.obj)
 .text.on_keymap_binding_convert_central_state_dependent_params
                0x000000000002842c       0x40 app/libapp.a(behavior_ext_power.c.obj)
 .text.raise_zmk_battery_state_changed
                0x000000000002846c       0x20 app/libapp.a(battery_state_changed.c.obj)
                0x000000000002846c                raise_zmk_battery_state_changed
 .text.zmk_battery_timer
                0x000000000002848c       0x14 app/libapp.a(battery.c.obj)
 .text.zmk_battery_start_reporting
                0x00000000000284a0       0x2c app/libapp.a(battery.c.obj)
 .text.battery_event_listener
                0x00000000000284cc       0x30 app/libapp.a(battery.c.obj)
 .text.zmk_battery_work
                0x00000000000284fc       0x44 app/libapp.a(battery.c.obj)
 .text.zmk_battery_init
                0x0000000000028540       0x1c app/libapp.a(battery.c.obj)
 .text.raise_zmk_split_peripheral_status_changed
                0x000000000002855c       0x20 app/libapp.a(split_peripheral_status_changed.c.obj)
                0x000000000002855c                raise_zmk_split_peripheral_status_changed
 .text.split_svc_pos_state
                0x000000000002857c       0x1c app/libapp.a(service.c.obj)
 .text.service_init
                0x0000000000028598       0x28 app/libapp.a(service.c.obj)
 .text.send_position_state_callback
                0x00000000000285c0       0x48 app/libapp.a(service.c.obj)
                0x00000000000285c0                send_position_state_callback
 .text.send_position_state
                0x0000000000028608       0x4c app/libapp.a(service.c.obj)
                0x0000000000028608                send_position_state
 .text.zmk_split_bt_position_pressed
                0x0000000000028654       0x1c app/libapp.a(service.c.obj)
                0x0000000000028654                zmk_split_bt_position_pressed
 .text.zmk_split_bt_position_released
                0x0000000000028670       0x24 app/libapp.a(service.c.obj)
                0x0000000000028670                zmk_split_bt_position_released
 .text.auth_pairing_complete
                0x0000000000028694        0xc app/libapp.a(peripheral.c.obj)
 .text.zmk_peripheral_ble_init
                0x00000000000286a0       0x50 app/libapp.a(peripheral.c.obj)
 .text.connected
                0x00000000000286f0       0x34 app/libapp.a(peripheral.c.obj)
 .text.bt_addr_le_to_str.constprop.0.isra.0
                0x0000000000028724       0x78 app/libapp.a(peripheral.c.obj)
 .text.disconnected
                0x000000000002879c       0x34 app/libapp.a(peripheral.c.obj)
 .text.advertising_cb
                0x00000000000287d0       0x9c app/libapp.a(peripheral.c.obj)
 .text.each_bond
                0x000000000002886c       0x24 app/libapp.a(peripheral.c.obj)
 .text.zmk_usb_init
                0x0000000000028890       0x18 app/libapp.a(usb.c.obj)
 .text.usb_status_cb
                0x00000000000288a8       0x18 app/libapp.a(usb.c.obj)
                0x00000000000288a8                usb_status_cb
 .text.zmk_usb_get_conn_state
                0x00000000000288c0       0x28 app/libapp.a(usb.c.obj)
                0x00000000000288c0                zmk_usb_get_conn_state
 .text.workqueue_init
                0x00000000000288e8       0x28 app/libapp.a(workqueue.c.obj)
 .text.zmk_workqueue_lowprio_work_q
                0x0000000000028910        0x8 app/libapp.a(workqueue.c.obj)
                0x0000000000028910                zmk_workqueue_lowprio_work_q
 .text.main     0x0000000000028918       0x18 app/libapp.a(main.c.obj)
                0x0000000000028918                main
 .text.crc8_ccitt
                0x0000000000028930       0x2c zephyr/libzephyr.a(crc8_sw.c.obj)
                0x0000000000028930                crc8_ccitt
 .text.char_out
                0x000000000002895c        0xc zephyr/libzephyr.a(printk.c.obj)
 .text.vprintk  0x0000000000028968       0x30 zephyr/libzephyr.a(printk.c.obj)
                0x0000000000028968                vprintk
 .text.z_thread_entry
                0x0000000000028998       0x34 zephyr/libzephyr.a(thread_entry.c.obj)
                0x0000000000028998                z_thread_entry
 .text.process_event
                0x00000000000289cc      0x21c zephyr/libzephyr.a(onoff.c.obj)
 .text.sys_reboot
                0x0000000000028be8       0x30 zephyr/libzephyr.a(reboot.c.obj)
                0x0000000000028be8                sys_reboot
 .text.z_arm_platform_init
                0x0000000000028c18        0x4 zephyr/libzephyr.a(soc_nrf_common.S.obj)
                0x0000000000028c18                z_arm_platform_init
 .text.nvs_recover_last_ate
                0x0000000000028c1c       0x64 zephyr/libzephyr.a(nvs.c.obj)
 .text.nvs_mount
                0x0000000000028c80      0x2c0 zephyr/libzephyr.a(nvs.c.obj)
                0x0000000000028c80                nvs_mount
 .text.nvs_write
                0x0000000000028f40      0x1a4 zephyr/libzephyr.a(nvs.c.obj)
                0x0000000000028f40                nvs_write
 .text.mem_attr_get_regions
                0x00000000000290e4        0xc zephyr/libzephyr.a(mem_attr.c.obj)
                0x00000000000290e4                mem_attr_get_regions
 .text.flash_area_open
                0x00000000000290f0       0x50 zephyr/libzephyr.a(flash_map.c.obj)
                0x00000000000290f0                flash_area_open
 .text.flash_area_get_sectors
                0x0000000000029140       0x60 zephyr/libzephyr.a(flash_map_layout.c.obj)
                0x0000000000029140                flash_area_get_sectors
 .text.class_handler
                0x00000000000291a0       0x40 zephyr/libzephyr.a(usb_device.c.obj)
 .text.custom_handler
                0x00000000000291e0       0x60 zephyr/libzephyr.a(usb_device.c.obj)
 .text.vendor_handler
                0x0000000000029240       0x3c zephyr/libzephyr.a(usb_device.c.obj)
 .text.disable_endpoint
                0x000000000002927c       0x2c zephyr/libzephyr.a(usb_device.c.obj)
 .text.usb_reset_alt_setting
                0x00000000000292a8       0x10 zephyr/libzephyr.a(usb_device.c.obj)
 .text.is_ep_valid.part.0
                0x00000000000292b8       0x38 zephyr/libzephyr.a(usb_device.c.obj)
 .text.usb_handle_request.constprop.0
                0x00000000000292f0       0x2c zephyr/libzephyr.a(usb_device.c.obj)
 .text.forward_status_cb
                0x000000000002931c       0xac zephyr/libzephyr.a(usb_device.c.obj)
 .text.usb_halt_endpoint_req.isra.0
                0x00000000000293c8       0x50 zephyr/libzephyr.a(usb_device.c.obj)
 .text.set_endpoint
                0x0000000000029418       0x84 zephyr/libzephyr.a(usb_device.c.obj)
 .text.usb_handle_standard_request
                0x000000000002949c      0x2ec zephyr/libzephyr.a(usb_device.c.obj)
 .text.usb_data_to_host
                0x0000000000029788       0x60 zephyr/libzephyr.a(usb_device.c.obj)
 .text.usb_handle_control_transfer
                0x00000000000297e8       0xdc zephyr/libzephyr.a(usb_device.c.obj)
 .text.usb_set_config
                0x00000000000298c4       0x2c zephyr/libzephyr.a(usb_device.c.obj)
                0x00000000000298c4                usb_set_config
 .text.usb_device_init
                0x00000000000298f0       0x28 zephyr/libzephyr.a(usb_device.c.obj)
 .text.usb_enable
                0x0000000000029918      0x124 zephyr/libzephyr.a(usb_device.c.obj)
                0x0000000000029918                usb_enable
 .text.usb_update_sn_string_descriptor
                0x0000000000029a3c       0x88 zephyr/libzephyr.a(usb_descriptor.c.obj)
                0x0000000000029a3c                usb_update_sn_string_descriptor
 .text.usb_get_device_descriptor
                0x0000000000029ac4      0x1d8 zephyr/libzephyr.a(usb_descriptor.c.obj)
                0x0000000000029ac4                usb_get_device_descriptor
 .text.usb_ep_get_transfer
                0x0000000000029c9c       0x2c zephyr/libzephyr.a(usb_transfer.c.obj)
 .text.usb_transfer_work
                0x0000000000029cc8      0x104 zephyr/libzephyr.a(usb_transfer.c.obj)
 .text.usb_cancel_transfer
                0x0000000000029dcc       0x3c zephyr/libzephyr.a(usb_transfer.c.obj)
                0x0000000000029dcc                usb_cancel_transfer
 .text.usb_cancel_transfers
                0x0000000000029e08       0x48 zephyr/libzephyr.a(usb_transfer.c.obj)
                0x0000000000029e08                usb_cancel_transfers
 .text.usb_transfer_init
                0x0000000000029e50       0x34 zephyr/libzephyr.a(usb_transfer.c.obj)
                0x0000000000029e50                usb_transfer_init
 .text.read_pnp_id
                0x0000000000029e84       0x1c zephyr/libzephyr.a(dis.c.obj)
 .text.read_blvl
                0x0000000000029ea0       0x28 zephyr/libzephyr.a(bas.c.obj)
 .text.bt_bas_set_battery_level
                0x0000000000029ec8       0x50 zephyr/libzephyr.a(bas.c.obj)
                0x0000000000029ec8                bt_bas_set_battery_level
 .text.settings_save_one
                0x0000000000029f18       0x4c zephyr/libzephyr.a(settings_store.c.obj)
                0x0000000000029f18                settings_save_one
 .text.settings_src_register
                0x0000000000029f64       0x1c zephyr/libzephyr.a(settings_store.c.obj)
                0x0000000000029f64                settings_src_register
 .text.settings_dst_register
                0x0000000000029f80        0xc zephyr/libzephyr.a(settings_store.c.obj)
                0x0000000000029f80                settings_dst_register
 .text.settings_load_subtree
                0x0000000000029f8c       0x4c zephyr/libzephyr.a(settings_store.c.obj)
                0x0000000000029f8c                settings_load_subtree
 .text.settings_load_subtree_direct
                0x0000000000029fd8       0x40 zephyr/libzephyr.a(settings_store.c.obj)
                0x0000000000029fd8                settings_load_subtree_direct
 .text.settings_store_init
                0x000000000002a018       0x10 zephyr/libzephyr.a(settings_store.c.obj)
                0x000000000002a018                settings_store_init
 .text.settings_init
                0x000000000002a028       0x10 zephyr/libzephyr.a(settings.c.obj)
                0x000000000002a028                settings_init
 .text.settings_register
                0x000000000002a038       0x80 zephyr/libzephyr.a(settings.c.obj)
                0x000000000002a038                settings_register
 .text.settings_parse_and_lookup
                0x000000000002a0b8       0x98 zephyr/libzephyr.a(settings.c.obj)
                0x000000000002a0b8                settings_parse_and_lookup
 .text.settings_commit_subtree
                0x000000000002a150       0x70 zephyr/libzephyr.a(settings.c.obj)
                0x000000000002a150                settings_commit_subtree
 .text.settings_subsys_init
                0x000000000002a1c0       0x3c zephyr/libzephyr.a(settings_init.c.obj)
                0x000000000002a1c0                settings_subsys_init
 .text.settings_nvs_load
                0x000000000002a1fc       0xbc zephyr/libzephyr.a(settings_nvs.c.obj)
 .text.settings_backend_init
                0x000000000002a2b8       0x84 zephyr/libzephyr.a(settings_nvs.c.obj)
                0x000000000002a2b8                settings_backend_init
 .text.uECC_get_rng
                0x000000000002a33c        0xc zephyr/libzephyr.a(ecc.c.obj)
                0x000000000002a33c                uECC_get_rng
 .text.vli_mmod_fast_secp256r1
                0x000000000002a348      0x180 zephyr/libzephyr.a(ecc.c.obj)
                0x000000000002a348                vli_mmod_fast_secp256r1
 .text.sub_bytes
                0x000000000002a4c8       0x18 zephyr/libzephyr.a(aes_encrypt.c.obj)
 .text.tc_aes128_set_encrypt_key
                0x000000000002a4e0       0xa4 zephyr/libzephyr.a(aes_encrypt.c.obj)
                0x000000000002a4e0                tc_aes128_set_encrypt_key
 .text.z_SysNmiOnReset
                0x000000000002a584        0x8 zephyr/arch/arch/arm/core/libarch__arm__core.a(nmi_on_reset.S.obj)
                0x000000000002a584                z_SysNmiOnReset
 .text.arch_tls_stack_setup
                0x000000000002a58c       0x5c zephyr/arch/arch/arm/core/libarch__arm__core.a(tls.c.obj)
                0x000000000002a58c                arch_tls_stack_setup
 .text._HandlerModeExit
                0x000000000002a5e8       0x1c zephyr/arch/arch/arm/core/cortex_m/libarch__arm__core__cortex_m.a(exc_exit.S.obj)
                0x000000000002a5e8                z_arm_exc_exit
                0x000000000002a5e8                z_arm_int_exit
 .text.usage_fault.constprop.0
                0x000000000002a604       0x54 zephyr/arch/arch/arm/core/cortex_m/libarch__arm__core__cortex_m.a(fault.c.obj)
 .text.bus_fault.constprop.0
                0x000000000002a658       0x6c zephyr/arch/arch/arm/core/cortex_m/libarch__arm__core__cortex_m.a(fault.c.obj)
 .text.mem_manage_fault.constprop.0
                0x000000000002a6c4       0x78 zephyr/arch/arch/arm/core/cortex_m/libarch__arm__core__cortex_m.a(fault.c.obj)
 .text.z_arm_fault
                0x000000000002a73c      0x118 zephyr/arch/arch/arm/core/cortex_m/libarch__arm__core__cortex_m.a(fault.c.obj)
                0x000000000002a73c                z_arm_fault
 .text.z_arm_fault_init
                0x000000000002a854       0x10 zephyr/arch/arch/arm/core/cortex_m/libarch__arm__core__cortex_m.a(fault.c.obj)
                0x000000000002a854                z_arm_fault_init
 .text.__fault  0x000000000002a864       0x14 zephyr/arch/arch/arm/core/cortex_m/libarch__arm__core__cortex_m.a(fault_s.S.obj)
                0x000000000002a864                z_arm_bus_fault
                0x000000000002a864                z_arm_usage_fault
                0x000000000002a864                z_arm_mpu_fault
                0x000000000002a864                z_arm_exc_spurious
                0x000000000002a864                z_arm_debug_monitor
                0x000000000002a864                z_arm_hard_fault
 .text.z_arm_interrupt_init
                0x000000000002a878       0x18 zephyr/arch/arch/arm/core/cortex_m/libarch__arm__core__cortex_m.a(irq_init.c.obj)
                0x000000000002a878                z_arm_interrupt_init
 .text._reset_section
                0x000000000002a890       0x30 zephyr/arch/arch/arm/core/cortex_m/libarch__arm__core__cortex_m.a(reset.S.obj)
                0x000000000002a890                z_arm_reset
                0x000000000002a890                __start
 .text.z_impl_k_thread_abort
                0x000000000002a8c0       0x2c zephyr/arch/arch/arm/core/cortex_m/libarch__arm__core__cortex_m.a(thread_abort.c.obj)
                0x000000000002a8c0                z_impl_k_thread_abort
 .text.arch_swap
                0x000000000002a8ec       0x34 zephyr/arch/arch/arm/core/cortex_m/libarch__arm__core__cortex_m.a(swap.c.obj)
                0x000000000002a8ec                arch_swap
 .text.z_arm_pendsv
                0x000000000002a920       0x94 zephyr/arch/arch/arm/core/cortex_m/libarch__arm__core__cortex_m.a(swap_helper.S.obj)
                0x000000000002a920                z_arm_pendsv
 .text.z_arm_svc
                0x000000000002a9b4       0x20 zephyr/arch/arch/arm/core/cortex_m/libarch__arm__core__cortex_m.a(swap_helper.S.obj)
                0x000000000002a9b4                z_arm_svc
 .text.arch_irq_enable
                0x000000000002a9d4       0x1c zephyr/arch/arch/arm/core/cortex_m/libarch__arm__core__cortex_m.a(irq_manage.c.obj)
                0x000000000002a9d4                arch_irq_enable
 .text.arch_irq_disable
                0x000000000002a9f0       0x28 zephyr/arch/arch/arm/core/cortex_m/libarch__arm__core__cortex_m.a(irq_manage.c.obj)
                0x000000000002a9f0                arch_irq_disable
 .text.arch_irq_is_enabled
                0x000000000002aa18       0x1c zephyr/arch/arch/arm/core/cortex_m/libarch__arm__core__cortex_m.a(irq_manage.c.obj)
                0x000000000002aa18                arch_irq_is_enabled
 .text.z_arm_irq_priority_set
                0x000000000002aa34       0x30 zephyr/arch/arch/arm/core/cortex_m/libarch__arm__core__cortex_m.a(irq_manage.c.obj)
                0x000000000002aa34                z_arm_irq_priority_set
 .text.z_arm_prep_c
                0x000000000002aa64       0x5c zephyr/arch/arch/arm/core/cortex_m/libarch__arm__core__cortex_m.a(prep_c.c.obj)
                0x000000000002aa64                z_arm_prep_c
 .text.arch_new_thread
                0x000000000002aac0       0x40 zephyr/arch/arch/arm/core/cortex_m/libarch__arm__core__cortex_m.a(thread.c.obj)
                0x000000000002aac0                arch_new_thread
 .text.arch_float_disable
                0x000000000002ab00       0x4c zephyr/arch/arch/arm/core/cortex_m/libarch__arm__core__cortex_m.a(thread.c.obj)
                0x000000000002ab00                arch_float_disable
 .text.arch_switch_to_main_thread
                0x000000000002ab4c       0x48 zephyr/arch/arch/arm/core/cortex_m/libarch__arm__core__cortex_m.a(thread.c.obj)
                0x000000000002ab4c                arch_switch_to_main_thread
 .text.z_arm_cpu_idle_init
                0x000000000002ab94        0xc zephyr/arch/arch/arm/core/cortex_m/libarch__arm__core__cortex_m.a(cpu_idle.S.obj)
                0x000000000002ab94                z_arm_cpu_idle_init
 .text.arch_cpu_idle
                0x000000000002aba0       0x1c zephyr/arch/arch/arm/core/cortex_m/libarch__arm__core__cortex_m.a(cpu_idle.S.obj)
                0x000000000002aba0                arch_cpu_idle
 .text.arch_cpu_atomic_idle
                0x000000000002abbc       0x18 zephyr/arch/arch/arm/core/cortex_m/libarch__arm__core__cortex_m.a(cpu_idle.S.obj)
                0x000000000002abbc                arch_cpu_atomic_idle
 .text._isr_wrapper
                0x000000000002abd4       0x28 zephyr/arch/arch/arm/core/cortex_m/libarch__arm__core__cortex_m.a(isr_wrapper.S.obj)
                0x000000000002abd4                _isr_wrapper
 .text.z_arm_configure_static_mpu_regions
                0x000000000002abfc       0x18 zephyr/arch/arch/arm/core/mpu/libarch__arm__core__mpu.a(arm_core_mpu.c.obj)
                0x000000000002abfc                z_arm_configure_static_mpu_regions
 .text.region_init
                0x000000000002ac14       0x28 zephyr/arch/arch/arm/core/mpu/libarch__arm__core__mpu.a(arm_mpu.c.obj)
 .text.arm_core_mpu_enable
                0x000000000002ac3c       0x18 zephyr/arch/arch/arm/core/mpu/libarch__arm__core__mpu.a(arm_mpu.c.obj)
                0x000000000002ac3c                arm_core_mpu_enable
 .text.arm_core_mpu_disable
                0x000000000002ac54       0x14 zephyr/arch/arch/arm/core/mpu/libarch__arm__core__mpu.a(arm_mpu.c.obj)
                0x000000000002ac54                arm_core_mpu_disable
 .text.arm_core_mpu_configure_static_mpu_regions
                0x000000000002ac68       0x14 zephyr/arch/arch/arm/core/mpu/libarch__arm__core__mpu.a(arm_mpu.c.obj)
                0x000000000002ac68                arm_core_mpu_configure_static_mpu_regions
 .text.z_arm_mpu_init
                0x000000000002ac7c      0x124 zephyr/arch/arch/arm/core/mpu/libarch__arm__core__mpu.a(arm_mpu.c.obj)
                0x000000000002ac7c                z_arm_mpu_init
 .text.__chk_fail
                0x000000000002ada0       0x18 zephyr/lib/libc/picolibc/liblib__libc__picolibc.a(libc-hooks.c.obj)
                0x000000000002ada0                __chk_fail
 .text.malloc_prepare
                0x000000000002adb8       0x24 zephyr/lib/libc/common/liblib__libc__common.a(malloc.c.obj)
 .text.nordicsemi_nrf52_init
                0x000000000002addc       0x18 zephyr/soc/soc/arm/nordic_nrf/nrf52/libsoc__arm__nordic_nrf__nrf52.a(soc.c.obj)
 .text.sys_arch_reboot
                0x000000000002adf4       0x2c zephyr/soc/soc/arm/nordic_nrf/nrf52/libsoc__arm__nordic_nrf__nrf52.a(soc.c.obj)
                0x000000000002adf4                sys_arch_reboot
 .text.arch_busy_wait
                0x000000000002ae20       0x14 zephyr/soc/soc/arm/nordic_nrf/nrf52/libsoc__arm__nordic_nrf__nrf52.a(soc.c.obj)
                0x000000000002ae20                arch_busy_wait
 .text.xoshiro128_initialize
                0x000000000002ae34       0x18 zephyr/subsys/random/libsubsys__random.a(rand32_xoshiro128.c.obj)
 .text.ecc_process
                0x000000000002ae4c      0x17c zephyr/subsys/bluetooth/host/libsubsys__bluetooth__host.a(hci_ecc.c.obj)
 .text.le_gen_dhkey
                0x000000000002afc8       0x98 zephyr/subsys/bluetooth/host/libsubsys__bluetooth__host.a(hci_ecc.c.obj)
 .text.bt_hci_ecc_send
                0x000000000002b060       0xdc zephyr/subsys/bluetooth/host/libsubsys__bluetooth__host.a(hci_ecc.c.obj)
                0x000000000002b060                bt_hci_ecc_send
 .text.set_setting
                0x000000000002b13c       0x7c zephyr/subsys/bluetooth/host/libsubsys__bluetooth__host.a(settings.c.obj)
 .text.bt_settings_encode_key
                0x000000000002b1b8       0x60 zephyr/subsys/bluetooth/host/libsubsys__bluetooth__host.a(settings.c.obj)
                0x000000000002b1b8                bt_settings_encode_key
 .text.bt_settings_store
                0x000000000002b218       0x50 zephyr/subsys/bluetooth/host/libsubsys__bluetooth__host.a(settings.c.obj)
                0x000000000002b218                bt_settings_store
 .text.do_store_id
                0x000000000002b268       0x24 zephyr/subsys/bluetooth/host/libsubsys__bluetooth__host.a(settings.c.obj)
 .text.bt_settings_delete
                0x000000000002b28c       0x4c zephyr/subsys/bluetooth/host/libsubsys__bluetooth__host.a(settings.c.obj)
                0x000000000002b28c                bt_settings_delete
 .text.bt_settings_store_sc
                0x000000000002b2d8       0x1c zephyr/subsys/bluetooth/host/libsubsys__bluetooth__host.a(settings.c.obj)
                0x000000000002b2d8                bt_settings_store_sc
 .text.bt_settings_delete_sc
                0x000000000002b2f4       0x10 zephyr/subsys/bluetooth/host/libsubsys__bluetooth__host.a(settings.c.obj)
                0x000000000002b2f4                bt_settings_delete_sc
 .text.bt_settings_store_cf
                0x000000000002b304       0x1c zephyr/subsys/bluetooth/host/libsubsys__bluetooth__host.a(settings.c.obj)
                0x000000000002b304                bt_settings_store_cf
 .text.bt_settings_store_ccc
                0x000000000002b320       0x1c zephyr/subsys/bluetooth/host/libsubsys__bluetooth__host.a(settings.c.obj)
                0x000000000002b320                bt_settings_store_ccc
 .text.bt_settings_store_hash
                0x000000000002b33c       0x1c zephyr/subsys/bluetooth/host/libsubsys__bluetooth__host.a(settings.c.obj)
                0x000000000002b33c                bt_settings_store_hash
 .text.bt_settings_store_id
                0x000000000002b358       0x10 zephyr/subsys/bluetooth/host/libsubsys__bluetooth__host.a(settings.c.obj)
                0x000000000002b358                bt_settings_store_id
 .text.commit_settings
                0x000000000002b368       0x70 zephyr/subsys/bluetooth/host/libsubsys__bluetooth__host.a(settings.c.obj)
 .text.bt_settings_store_keys
                0x000000000002b3d8       0x1c zephyr/subsys/bluetooth/host/libsubsys__bluetooth__host.a(settings.c.obj)
                0x000000000002b3d8                bt_settings_store_keys
 .text.bt_settings_delete_keys
                0x000000000002b3f4       0x10 zephyr/subsys/bluetooth/host/libsubsys__bluetooth__host.a(settings.c.obj)
                0x000000000002b3f4                bt_settings_delete_keys
 .text.long_wq_init
                0x000000000002b404       0x38 zephyr/subsys/bluetooth/host/libsubsys__bluetooth__host.a(long_wq.c.obj)
 .text.bt_long_wq_schedule
                0x000000000002b43c        0xc zephyr/subsys/bluetooth/host/libsubsys__bluetooth__host.a(long_wq.c.obj)
                0x000000000002b43c                bt_long_wq_schedule
 .text.bt_long_wq_submit
                0x000000000002b448        0xc zephyr/subsys/bluetooth/host/libsubsys__bluetooth__host.a(long_wq.c.obj)
                0x000000000002b448                bt_long_wq_submit
 .text.uuid_to_uuid128
                0x000000000002b454       0x78 zephyr/subsys/bluetooth/host/libsubsys__bluetooth__host.a(uuid.c.obj)
 .text.bt_buf_get_rx
                0x000000000002b4cc       0x20 zephyr/subsys/bluetooth/host/libsubsys__bluetooth__host.a(buf.c.obj)
                0x000000000002b4cc                bt_buf_get_rx
 .text.bt_buf_get_cmd_complete
                0x000000000002b4ec       0x40 zephyr/subsys/bluetooth/host/libsubsys__bluetooth__host.a(buf.c.obj)
                0x000000000002b4ec                bt_buf_get_cmd_complete
 .text.bt_buf_get_evt
                0x000000000002b52c       0x58 zephyr/subsys/bluetooth/host/libsubsys__bluetooth__host.a(buf.c.obj)
                0x000000000002b52c                bt_buf_get_evt
 .text.hci_disconn_complete_prio
                0x000000000002b584       0x40 zephyr/subsys/bluetooth/host/libsubsys__bluetooth__host.a(hci_core.c.obj)
 .text.find_pending_connect.part.0
                0x000000000002b5c4       0x2c zephyr/subsys/bluetooth/host/libsubsys__bluetooth__host.a(hci_core.c.obj)
 .text.hci_le_meta_event
                0x000000000002b5f0       0x20 zephyr/subsys/bluetooth/host/libsubsys__bluetooth__host.a(hci_core.c.obj)
 .text.hci_cmd_done
                0x000000000002b610       0xbc zephyr/subsys/bluetooth/host/libsubsys__bluetooth__host.a(hci_core.c.obj)
 .text.hci_cmd_status
                0x000000000002b6cc       0x2c zephyr/subsys/bluetooth/host/libsubsys__bluetooth__host.a(hci_core.c.obj)
 .text.hci_cmd_complete
                0x000000000002b6f8       0x30 zephyr/subsys/bluetooth/host/libsubsys__bluetooth__host.a(hci_core.c.obj)
 .text.hci_tx_thread
                0x000000000002b728      0x11c zephyr/subsys/bluetooth/host/libsubsys__bluetooth__host.a(hci_core.c.obj)
 .text.bt_hci_cmd_state_set_init
                0x000000000002b844       0x24 zephyr/subsys/bluetooth/host/libsubsys__bluetooth__host.a(hci_core.c.obj)
                0x000000000002b844                bt_hci_cmd_state_set_init
 .text.bt_hci_cmd_create
                0x000000000002b868       0x74 zephyr/subsys/bluetooth/host/libsubsys__bluetooth__host.a(hci_core.c.obj)
                0x000000000002b868                bt_hci_cmd_create
 .text.bt_hci_cmd_send
                0x000000000002b8dc       0x44 zephyr/subsys/bluetooth/host/libsubsys__bluetooth__host.a(hci_core.c.obj)
                0x000000000002b8dc                bt_hci_cmd_send
 .text.bt_hci_cmd_send_sync
                0x000000000002b920       0xd8 zephyr/subsys/bluetooth/host/libsubsys__bluetooth__host.a(hci_core.c.obj)
                0x000000000002b920                bt_hci_cmd_send_sync
 .text.bt_hci_le_rand
                0x000000000002b9f8       0x58 zephyr/subsys/bluetooth/host/libsubsys__bluetooth__host.a(hci_core.c.obj)
                0x000000000002b9f8                bt_hci_le_rand
 .text.bt_get_phy
                0x000000000002ba50       0x14 zephyr/subsys/bluetooth/host/libsubsys__bluetooth__host.a(hci_core.c.obj)
                0x000000000002ba50                bt_get_phy
 .text.bt_hci_le_enh_conn_complete
                0x000000000002ba64      0x1fc zephyr/subsys/bluetooth/host/libsubsys__bluetooth__host.a(hci_core.c.obj)
                0x000000000002ba64                bt_hci_le_enh_conn_complete
 .text.le_legacy_conn_complete
                0x000000000002bc60       0x64 zephyr/subsys/bluetooth/host/libsubsys__bluetooth__host.a(hci_core.c.obj)
 .text.bt_security_err_get
                0x000000000002bcc4       0x10 zephyr/subsys/bluetooth/host/libsubsys__bluetooth__host.a(hci_core.c.obj)
                0x000000000002bcc4                bt_security_err_get
 .text.hci_event_prio
                0x000000000002bcd4       0x88 zephyr/subsys/bluetooth/host/libsubsys__bluetooth__host.a(hci_core.c.obj)
                0x000000000002bcd4                hci_event_prio
 .text.bt_recv  0x000000000002bd5c       0xc8 zephyr/subsys/bluetooth/host/libsubsys__bluetooth__host.a(hci_core.c.obj)
                0x000000000002bd5c                bt_recv
 .text.bt_recv_prio
                0x000000000002be24       0x3c zephyr/subsys/bluetooth/host/libsubsys__bluetooth__host.a(hci_core.c.obj)
                0x000000000002be24                bt_recv_prio
 .text.bt_hci_driver_register
                0x000000000002be60       0x28 zephyr/subsys/bluetooth/host/libsubsys__bluetooth__host.a(hci_core.c.obj)
                0x000000000002be60                bt_hci_driver_register
 .text.bt_finalize_init
                0x000000000002be88        0xc zephyr/subsys/bluetooth/host/libsubsys__bluetooth__host.a(hci_core.c.obj)
                0x000000000002be88                bt_finalize_init
 .text.init_work
                0x000000000002be94       0x18 zephyr/subsys/bluetooth/host/libsubsys__bluetooth__host.a(hci_core.c.obj)
 .text.bt_enable
                0x000000000002beac       0xbc zephyr/subsys/bluetooth/host/libsubsys__bluetooth__host.a(hci_core.c.obj)
                0x000000000002beac                bt_enable
 .text.bt_is_ready
                0x000000000002bf68       0x18 zephyr/subsys/bluetooth/host/libsubsys__bluetooth__host.a(hci_core.c.obj)
                0x000000000002bf68                bt_is_ready
 .text.bt_get_name
                0x000000000002bf80        0x8 zephyr/subsys/bluetooth/host/libsubsys__bluetooth__host.a(hci_core.c.obj)
                0x000000000002bf80                bt_get_name
 .text.id_find  0x000000000002bf88       0x30 zephyr/subsys/bluetooth/host/libsubsys__bluetooth__host.a(id.c.obj)
 .text.id_create.constprop.0
                0x000000000002bfb8       0x70 zephyr/subsys/bluetooth/host/libsubsys__bluetooth__host.a(id.c.obj)
 .text.set_random_address
                0x000000000002c028       0x50 zephyr/subsys/bluetooth/host/libsubsys__bluetooth__host.a(id.c.obj)
 .text.bt_id_pending_keys_update
                0x000000000002c078       0x34 zephyr/subsys/bluetooth/host/libsubsys__bluetooth__host.a(id.c.obj)
                0x000000000002c078                bt_id_pending_keys_update
 .text.bt_id_find_conflict
                0x000000000002c0ac       0x20 zephyr/subsys/bluetooth/host/libsubsys__bluetooth__host.a(id.c.obj)
                0x000000000002c0ac                bt_id_find_conflict
 .text.bt_id_add
                0x000000000002c0cc      0x12c zephyr/subsys/bluetooth/host/libsubsys__bluetooth__host.a(id.c.obj)
                0x000000000002c0cc                bt_id_add
 .text.bt_id_del
                0x000000000002c1f8      0x10c zephyr/subsys/bluetooth/host/libsubsys__bluetooth__host.a(id.c.obj)
                0x000000000002c1f8                bt_id_del
 .text.bt_id_create
                0x000000000002c304       0x88 zephyr/subsys/bluetooth/host/libsubsys__bluetooth__host.a(id.c.obj)
                0x000000000002c304                bt_id_create
 .text.bt_id_read_public_addr
                0x000000000002c38c       0x5c zephyr/subsys/bluetooth/host/libsubsys__bluetooth__host.a(id.c.obj)
                0x000000000002c38c                bt_id_read_public_addr
 .text.bt_setup_public_id_addr
                0x000000000002c3e8       0x20 zephyr/subsys/bluetooth/host/libsubsys__bluetooth__host.a(id.c.obj)
                0x000000000002c3e8                bt_setup_public_id_addr
 .text.bt_read_static_addr
                0x000000000002c408       0x68 zephyr/subsys/bluetooth/host/libsubsys__bluetooth__host.a(id.c.obj)
                0x000000000002c408                bt_read_static_addr
 .text.bt_setup_random_id_addr
                0x000000000002c470       0x5c zephyr/subsys/bluetooth/host/libsubsys__bluetooth__host.a(id.c.obj)
                0x000000000002c470                bt_setup_random_id_addr
 .text.bt_id_set_adv_own_addr
                0x000000000002c4cc       0xc0 zephyr/subsys/bluetooth/host/libsubsys__bluetooth__host.a(id.c.obj)
                0x000000000002c4cc                bt_id_set_adv_own_addr
 .text.valid_adv_param
                0x000000000002c58c       0x84 zephyr/subsys/bluetooth/host/libsubsys__bluetooth__host.a(adv.c.obj)
 .text.adv_is_directed
                0x000000000002c610       0x18 zephyr/subsys/bluetooth/host/libsubsys__bluetooth__host.a(adv.c.obj)
 .text.le_adv_start_add_conn
                0x000000000002c628       0x60 zephyr/subsys/bluetooth/host/libsubsys__bluetooth__host.a(adv.c.obj)
 .text.bt_le_ext_adv_foreach
                0x000000000002c688        0xc zephyr/subsys/bluetooth/host/libsubsys__bluetooth__host.a(adv.c.obj)
                0x000000000002c688                bt_le_ext_adv_foreach
 .text.bt_le_adv_lookup_legacy
                0x000000000002c694        0x8 zephyr/subsys/bluetooth/host/libsubsys__bluetooth__host.a(adv.c.obj)
                0x000000000002c694                bt_le_adv_lookup_legacy
 .text.bt_le_adv_start_legacy
                0x000000000002c69c      0x248 zephyr/subsys/bluetooth/host/libsubsys__bluetooth__host.a(adv.c.obj)
                0x000000000002c69c                bt_le_adv_start_legacy
 .text.bt_le_adv_start
                0x000000000002c8e4       0x64 zephyr/subsys/bluetooth/host/libsubsys__bluetooth__host.a(adv.c.obj)
                0x000000000002c8e4                bt_le_adv_start
 .text.bt_le_adv_stop
                0x000000000002c948       0x78 zephyr/subsys/bluetooth/host/libsubsys__bluetooth__host.a(adv.c.obj)
                0x000000000002c948                bt_le_adv_stop
 .text.bt_le_adv_resume
                0x000000000002c9c0       0xd4 zephyr/subsys/bluetooth/host/libsubsys__bluetooth__host.a(adv.c.obj)
                0x000000000002c9c0                bt_le_adv_resume
 .text.bt_pub_key_is_debug
                0x000000000002ca94       0x18 zephyr/subsys/bluetooth/host/libsubsys__bluetooth__host.a(ecc.c.obj)
                0x000000000002ca94                bt_pub_key_is_debug
 .text.bt_pub_key_gen
                0x000000000002caac       0xd4 zephyr/subsys/bluetooth/host/libsubsys__bluetooth__host.a(ecc.c.obj)
                0x000000000002caac                bt_pub_key_gen
 .text.bt_pub_key_get
                0x000000000002cb80       0x20 zephyr/subsys/bluetooth/host/libsubsys__bluetooth__host.a(ecc.c.obj)
                0x000000000002cb80                bt_pub_key_get
 .text.bt_dh_key_gen
                0x000000000002cba0       0x8c zephyr/subsys/bluetooth/host/libsubsys__bluetooth__host.a(ecc.c.obj)
                0x000000000002cba0                bt_dh_key_gen
 .text.bt_hci_evt_le_pkey_complete
                0x000000000002cc2c       0x84 zephyr/subsys/bluetooth/host/libsubsys__bluetooth__host.a(ecc.c.obj)
                0x000000000002cc2c                bt_hci_evt_le_pkey_complete
 .text.bt_hci_evt_le_dhkey_complete
                0x000000000002ccb0       0x1c zephyr/subsys/bluetooth/host/libsubsys__bluetooth__host.a(ecc.c.obj)
                0x000000000002ccb0                bt_hci_evt_le_dhkey_complete
 .text.notify_connected
                0x000000000002cccc       0x3c zephyr/subsys/bluetooth/host/libsubsys__bluetooth__host.a(conn.c.obj)
 .text.tx_notify
                0x000000000002cd08       0x60 zephyr/subsys/bluetooth/host/libsubsys__bluetooth__host.a(conn.c.obj)
 .text.conn_tx_destroy
                0x000000000002cd68       0x2c zephyr/subsys/bluetooth/host/libsubsys__bluetooth__host.a(conn.c.obj)
 .text.send_frag
                0x000000000002cd94      0x164 zephyr/subsys/bluetooth/host/libsubsys__bluetooth__host.a(conn.c.obj)
 .text.bt_conn_get_pkts
                0x000000000002cef8       0x18 zephyr/subsys/bluetooth/host/libsubsys__bluetooth__host.a(conn.c.obj)
                0x000000000002cef8                bt_conn_get_pkts
 .text.bt_conn_new
                0x000000000002cf10       0x64 zephyr/subsys/bluetooth/host/libsubsys__bluetooth__host.a(conn.c.obj)
                0x000000000002cf10                bt_conn_new
 .text.bt_conn_send_cb
                0x000000000002cf74       0x90 zephyr/subsys/bluetooth/host/libsubsys__bluetooth__host.a(conn.c.obj)
                0x000000000002cf74                bt_conn_send_cb
 .text.bt_conn_prepare_events
                0x000000000002d004       0x94 zephyr/subsys/bluetooth/host/libsubsys__bluetooth__host.a(conn.c.obj)
                0x000000000002d004                bt_conn_prepare_events
 .text.bt_conn_set_state
                0x000000000002d098      0x178 zephyr/subsys/bluetooth/host/libsubsys__bluetooth__host.a(conn.c.obj)
                0x000000000002d098                bt_conn_set_state
 .text.bt_conn_lookup_handle
                0x000000000002d210       0x28 zephyr/subsys/bluetooth/host/libsubsys__bluetooth__host.a(conn.c.obj)
                0x000000000002d210                bt_conn_lookup_handle
 .text.bt_conn_foreach
                0x000000000002d238       0x30 zephyr/subsys/bluetooth/host/libsubsys__bluetooth__host.a(conn.c.obj)
                0x000000000002d238                bt_conn_foreach
 .text.bt_conn_index
                0x000000000002d268       0x18 zephyr/subsys/bluetooth/host/libsubsys__bluetooth__host.a(conn.c.obj)
                0x000000000002d268                bt_conn_index
 .text.bt_conn_create_pdu_timeout
                0x000000000002d280       0x24 zephyr/subsys/bluetooth/host/libsubsys__bluetooth__host.a(conn.c.obj)
                0x000000000002d280                bt_conn_create_pdu_timeout
 .text.notify_le_param_updated
                0x000000000002d2a4       0x88 zephyr/subsys/bluetooth/host/libsubsys__bluetooth__host.a(conn.c.obj)
                0x000000000002d2a4                notify_le_param_updated
 .text.notify_le_phy_updated
                0x000000000002d32c       0x44 zephyr/subsys/bluetooth/host/libsubsys__bluetooth__host.a(conn.c.obj)
                0x000000000002d32c                notify_le_phy_updated
 .text.le_param_req
                0x000000000002d370       0x74 zephyr/subsys/bluetooth/host/libsubsys__bluetooth__host.a(conn.c.obj)
                0x000000000002d370                le_param_req
 .text.bt_conn_identity_resolved
                0x000000000002d3e4       0x5c zephyr/subsys/bluetooth/host/libsubsys__bluetooth__host.a(conn.c.obj)
                0x000000000002d3e4                bt_conn_identity_resolved
 .text.bt_conn_security_changed
                0x000000000002d440       0x4c zephyr/subsys/bluetooth/host/libsubsys__bluetooth__host.a(conn.c.obj)
                0x000000000002d440                bt_conn_security_changed
 .text.bt_conn_cb_register
                0x000000000002d48c       0x10 zephyr/subsys/bluetooth/host/libsubsys__bluetooth__host.a(conn.c.obj)
                0x000000000002d48c                bt_conn_cb_register
 .text.bt_conn_add_le
                0x000000000002d49c       0x3c zephyr/subsys/bluetooth/host/libsubsys__bluetooth__host.a(conn.c.obj)
                0x000000000002d49c                bt_conn_add_le
 .text.bt_conn_lookup_addr_le
                0x000000000002d4d8       0x34 zephyr/subsys/bluetooth/host/libsubsys__bluetooth__host.a(conn.c.obj)
                0x000000000002d4d8                bt_conn_lookup_addr_le
 .text.bt_conn_lookup_state_le
                0x000000000002d50c       0x44 zephyr/subsys/bluetooth/host/libsubsys__bluetooth__host.a(conn.c.obj)
                0x000000000002d50c                bt_conn_lookup_state_le
 .text.send_conn_le_param_update
                0x000000000002d550       0x6c zephyr/subsys/bluetooth/host/libsubsys__bluetooth__host.a(conn.c.obj)
 .text.deferred_work
                0x000000000002d5bc       0xac zephyr/subsys/bluetooth/host/libsubsys__bluetooth__host.a(conn.c.obj)
 .text.bt_conn_create_frag_timeout
                0x000000000002d668        0xc zephyr/subsys/bluetooth/host/libsubsys__bluetooth__host.a(conn.c.obj)
                0x000000000002d668                bt_conn_create_frag_timeout
 .text.bt_conn_process_tx
                0x000000000002d674      0x114 zephyr/subsys/bluetooth/host/libsubsys__bluetooth__host.a(conn.c.obj)
                0x000000000002d674                bt_conn_process_tx
 .text.bt_conn_auth_info_cb_register
                0x000000000002d788       0x28 zephyr/subsys/bluetooth/host/libsubsys__bluetooth__host.a(conn.c.obj)
                0x000000000002d788                bt_conn_auth_info_cb_register
 .text.bt_conn_init
                0x000000000002d7b0       0x44 zephyr/subsys/bluetooth/host/libsubsys__bluetooth__host.a(conn.c.obj)
                0x000000000002d7b0                bt_conn_init
 .text.l2cap_accept
                0x000000000002d7f4       0x1c zephyr/subsys/bluetooth/host/libsubsys__bluetooth__host.a(l2cap.c.obj)
 .text.bt_l2cap_connected
                0x000000000002d810       0x9c zephyr/subsys/bluetooth/host/libsubsys__bluetooth__host.a(l2cap.c.obj)
                0x000000000002d810                bt_l2cap_connected
 .text.bt_l2cap_update_conn_param
                0x000000000002d8ac       0x64 zephyr/subsys/bluetooth/host/libsubsys__bluetooth__host.a(l2cap.c.obj)
                0x000000000002d8ac                bt_l2cap_update_conn_param
 .text.att_op_get_type
                0x000000000002d910       0x74 zephyr/subsys/bluetooth/host/libsubsys__bluetooth__host.a(att.c.obj)
 .text.bt_att_released
                0x000000000002d984        0xc zephyr/subsys/bluetooth/host/libsubsys__bluetooth__host.a(att.c.obj)
 .text.tx_meta_data_free
                0x000000000002d990       0x3c zephyr/subsys/bluetooth/host/libsubsys__bluetooth__host.a(att.c.obj)
 .text.bt_att_connected
                0x000000000002d9cc       0x40 zephyr/subsys/bluetooth/host/libsubsys__bluetooth__host.a(att.c.obj)
 .text.read_group_cb
                0x000000000002da0c       0xb8 zephyr/subsys/bluetooth/host/libsubsys__bluetooth__host.a(att.c.obj)
 .text.bt_att_chan_create_pdu
                0x000000000002dac4       0xc0 zephyr/subsys/bluetooth/host/libsubsys__bluetooth__host.a(att.c.obj)
 .text.read_type_cb
                0x000000000002db84       0xac zephyr/subsys/bluetooth/host/libsubsys__bluetooth__host.a(att.c.obj)
 .text.bt_att_accept
                0x000000000002dc30       0xcc zephyr/subsys/bluetooth/host/libsubsys__bluetooth__host.a(att.c.obj)
 .text.chan_send
                0x000000000002dcfc       0xa4 zephyr/subsys/bluetooth/host/libsubsys__bluetooth__host.a(att.c.obj)
 .text.bt_att_recv
                0x000000000002dda0       0xfc zephyr/subsys/bluetooth/host/libsubsys__bluetooth__host.a(att.c.obj)
 .text.att_write_rsp.constprop.0
                0x000000000002de9c       0xc8 zephyr/subsys/bluetooth/host/libsubsys__bluetooth__host.a(att.c.obj)
 .text.att_read_group_req
                0x000000000002df64       0xfc zephyr/subsys/bluetooth/host/libsubsys__bluetooth__host.a(att.c.obj)
 .text.att_read_mult_vl_req
                0x000000000002e060       0xa8 zephyr/subsys/bluetooth/host/libsubsys__bluetooth__host.a(att.c.obj)
 .text.att_read_mult_req
                0x000000000002e108       0xa8 zephyr/subsys/bluetooth/host/libsubsys__bluetooth__host.a(att.c.obj)
 .text.att_read_rsp
                0x000000000002e1b0       0x9c zephyr/subsys/bluetooth/host/libsubsys__bluetooth__host.a(att.c.obj)
 .text.att_read_type_req
                0x000000000002e24c       0xc8 zephyr/subsys/bluetooth/host/libsubsys__bluetooth__host.a(att.c.obj)
 .text.att_find_type_req
                0x000000000002e314       0xcc zephyr/subsys/bluetooth/host/libsubsys__bluetooth__host.a(att.c.obj)
 .text.att_find_info_req
                0x000000000002e3e0       0x74 zephyr/subsys/bluetooth/host/libsubsys__bluetooth__host.a(att.c.obj)
 .text.bt_att_init
                0x000000000002e454       0x38 zephyr/subsys/bluetooth/host/libsubsys__bluetooth__host.a(att.c.obj)
                0x000000000002e454                bt_att_init
 .text.bt_att_req_alloc
                0x000000000002e48c       0x50 zephyr/subsys/bluetooth/host/libsubsys__bluetooth__host.a(att.c.obj)
                0x000000000002e48c                bt_att_req_alloc
 .text.bt_att_req_free
                0x000000000002e4dc       0x28 zephyr/subsys/bluetooth/host/libsubsys__bluetooth__host.a(att.c.obj)
                0x000000000002e4dc                bt_att_req_free
 .text.att_handle_rsp
                0x000000000002e504       0x6c zephyr/subsys/bluetooth/host/libsubsys__bluetooth__host.a(att.c.obj)
 .text.bt_att_disconnected
                0x000000000002e570       0xcc zephyr/subsys/bluetooth/host/libsubsys__bluetooth__host.a(att.c.obj)
 .text.att_timeout
                0x000000000002e63c       0x88 zephyr/subsys/bluetooth/host/libsubsys__bluetooth__host.a(att.c.obj)
 .text.db_hash_set
                0x000000000002e6c4       0x18 zephyr/subsys/bluetooth/host/libsubsys__bluetooth__host.a(gatt.c.obj)
 .text.find_cf_cfg_by_addr
                0x000000000002e6dc       0x40 zephyr/subsys/bluetooth/host/libsubsys__bluetooth__host.a(gatt.c.obj)
 .text.gatt_delayed_store_find
                0x000000000002e71c       0x44 zephyr/subsys/bluetooth/host/libsubsys__bluetooth__host.a(gatt.c.obj)
 .text.find_sc_cfg
                0x000000000002e760       0x40 zephyr/subsys/bluetooth/host/libsubsys__bluetooth__host.a(gatt.c.obj)
 .text.find_cf_cfg
                0x000000000002e7a0       0x5c zephyr/subsys/bluetooth/host/libsubsys__bluetooth__host.a(gatt.c.obj)
 .text.find_ccc_cfg
                0x000000000002e7fc       0x28 zephyr/subsys/bluetooth/host/libsubsys__bluetooth__host.a(gatt.c.obj)
 .text.gatt_delayed_store_enqueue
                0x000000000002e824       0x80 zephyr/subsys/bluetooth/host/libsubsys__bluetooth__host.a(gatt.c.obj)
 .text.ccc_load
                0x000000000002e8a4       0x8c zephyr/subsys/bluetooth/host/libsubsys__bluetooth__host.a(gatt.c.obj)
 .text.sc_save  0x000000000002e930       0x6c zephyr/subsys/bluetooth/host/libsubsys__bluetooth__host.a(gatt.c.obj)
 .text.sc_set   0x000000000002e99c       0x8c zephyr/subsys/bluetooth/host/libsubsys__bluetooth__host.a(gatt.c.obj)
 .text.read_ppcp
                0x000000000002ea28       0x2c zephyr/subsys/bluetooth/host/libsubsys__bluetooth__host.a(gatt.c.obj)
 .text.remove_peer_from_attr
                0x000000000002ea54       0x28 zephyr/subsys/bluetooth/host/libsubsys__bluetooth__host.a(gatt.c.obj)
 .text.convert_to_id_on_match
                0x000000000002ea7c       0x2c zephyr/subsys/bluetooth/host/libsubsys__bluetooth__host.a(gatt.c.obj)
 .text.ccc_save
                0x000000000002eaa8       0x38 zephyr/subsys/bluetooth/host/libsubsys__bluetooth__host.a(gatt.c.obj)
 .text.sc_indicate.part.0
                0x000000000002eae0       0x10 zephyr/subsys/bluetooth/host/libsubsys__bluetooth__host.a(gatt.c.obj)
 .text.sc_commit
                0x000000000002eaf0       0x2c zephyr/subsys/bluetooth/host/libsubsys__bluetooth__host.a(gatt.c.obj)
 .text.clear_cf_cfg
                0x000000000002eb1c       0x2c zephyr/subsys/bluetooth/host/libsubsys__bluetooth__host.a(gatt.c.obj)
 .text.disconnected_cb
                0x000000000002eb48       0xa0 zephyr/subsys/bluetooth/host/libsubsys__bluetooth__host.a(gatt.c.obj)
 .text.bt_gatt_attr_write_ccc
                0x000000000002ebe8       0xbc zephyr/subsys/bluetooth/host/libsubsys__bluetooth__host.a(gatt.c.obj)
                0x000000000002ebe8                bt_gatt_attr_write_ccc
 .text.sc_indicate.constprop.0
                0x000000000002eca4       0x58 zephyr/subsys/bluetooth/host/libsubsys__bluetooth__host.a(gatt.c.obj)
 .text.set_all_change_unaware
                0x000000000002ecfc       0x58 zephyr/subsys/bluetooth/host/libsubsys__bluetooth__host.a(gatt.c.obj)
 .text.sc_indicate_rsp
                0x000000000002ed54       0x4c zephyr/subsys/bluetooth/host/libsubsys__bluetooth__host.a(gatt.c.obj)
 .text.bt_gatt_init
                0x000000000002eda0       0xb4 zephyr/subsys/bluetooth/host/libsubsys__bluetooth__host.a(gatt.c.obj)
                0x000000000002eda0                bt_gatt_init
 .text.bt_gatt_attr_get_handle
                0x000000000002ee54       0x60 zephyr/subsys/bluetooth/host/libsubsys__bluetooth__host.a(gatt.c.obj)
                0x000000000002ee54                bt_gatt_attr_get_handle
 .text.bt_gatt_foreach_attr_type
                0x000000000002eeb4       0xb4 zephyr/subsys/bluetooth/host/libsubsys__bluetooth__host.a(gatt.c.obj)
                0x000000000002eeb4                bt_gatt_foreach_attr_type
 .text.db_hash_gen
                0x000000000002ef68       0x64 zephyr/subsys/bluetooth/host/libsubsys__bluetooth__host.a(gatt.c.obj)
 .text.db_hash_read
                0x000000000002efcc       0x78 zephyr/subsys/bluetooth/host/libsubsys__bluetooth__host.a(gatt.c.obj)
 .text.do_db_hash
                0x000000000002f044       0x7c zephyr/subsys/bluetooth/host/libsubsys__bluetooth__host.a(gatt.c.obj)
 .text.db_hash_commit
                0x000000000002f0c0       0x18 zephyr/subsys/bluetooth/host/libsubsys__bluetooth__host.a(gatt.c.obj)
 .text.ccc_set_direct
                0x000000000002f0d8       0x98 zephyr/subsys/bluetooth/host/libsubsys__bluetooth__host.a(gatt.c.obj)
 .text.bt_gatt_attr_next
                0x000000000002f170       0x24 zephyr/subsys/bluetooth/host/libsubsys__bluetooth__host.a(gatt.c.obj)
                0x000000000002f170                bt_gatt_attr_next
 .text.gatt_indicate
                0x000000000002f194       0xbc zephyr/subsys/bluetooth/host/libsubsys__bluetooth__host.a(gatt.c.obj)
 .text.bt_gatt_indicate
                0x000000000002f250       0xf0 zephyr/subsys/bluetooth/host/libsubsys__bluetooth__host.a(gatt.c.obj)
                0x000000000002f250                bt_gatt_indicate
 .text.sc_process
                0x000000000002f340       0x5c zephyr/subsys/bluetooth/host/libsubsys__bluetooth__host.a(gatt.c.obj)
 .text.update_ccc
                0x000000000002f39c       0xec zephyr/subsys/bluetooth/host/libsubsys__bluetooth__host.a(gatt.c.obj)
 .text.bt_gatt_notify_cb
                0x000000000002f488       0xe8 zephyr/subsys/bluetooth/host/libsubsys__bluetooth__host.a(gatt.c.obj)
                0x000000000002f488                bt_gatt_notify_cb
 .text.notify_cb
                0x000000000002f570      0x11c zephyr/subsys/bluetooth/host/libsubsys__bluetooth__host.a(gatt.c.obj)
 .text.bt_gatt_connected
                0x000000000002f68c       0x78 zephyr/subsys/bluetooth/host/libsubsys__bluetooth__host.a(gatt.c.obj)
                0x000000000002f68c                bt_gatt_connected
 .text.bt_gatt_att_max_mtu_changed
                0x000000000002f704       0x28 zephyr/subsys/bluetooth/host/libsubsys__bluetooth__host.a(gatt.c.obj)
                0x000000000002f704                bt_gatt_att_max_mtu_changed
 .text.bt_gatt_encrypt_change
                0x000000000002f72c       0x30 zephyr/subsys/bluetooth/host/libsubsys__bluetooth__host.a(gatt.c.obj)
                0x000000000002f72c                bt_gatt_encrypt_change
 .text.bt_gatt_store_ccc
                0x000000000002f75c       0x3c zephyr/subsys/bluetooth/host/libsubsys__bluetooth__host.a(gatt.c.obj)
                0x000000000002f75c                bt_gatt_store_ccc
 .text.bt_gatt_identity_resolved
                0x000000000002f798       0x5c zephyr/subsys/bluetooth/host/libsubsys__bluetooth__host.a(gatt.c.obj)
 .text.bt_gatt_disconnected
                0x000000000002f7f4       0x78 zephyr/subsys/bluetooth/host/libsubsys__bluetooth__host.a(gatt.c.obj)
                0x000000000002f7f4                bt_gatt_disconnected
 .text.bt_smp_accept
                0x000000000002f86c       0x24 zephyr/subsys/bluetooth/host/libsubsys__bluetooth__host.a(smp.c.obj)
 .text.smp_find
                0x000000000002f890       0x1c zephyr/subsys/bluetooth/host/libsubsys__bluetooth__host.a(smp.c.obj)
 .text.latch_auth_cb
                0x000000000002f8ac       0x3c zephyr/subsys/bluetooth/host/libsubsys__bluetooth__host.a(smp.c.obj)
 .text.get_io_capa
                0x000000000002f8e8       0x4c zephyr/subsys/bluetooth/host/libsubsys__bluetooth__host.a(smp.c.obj)
 .text.smp_init
                0x000000000002f934       0x38 zephyr/subsys/bluetooth/host/libsubsys__bluetooth__host.a(smp.c.obj)
 .text.smp_dhkey_generate
                0x000000000002f96c       0x2c zephyr/subsys/bluetooth/host/libsubsys__bluetooth__host.a(smp.c.obj)
 .text.smp_pairing_random
                0x000000000002f998      0x158 zephyr/subsys/bluetooth/host/libsubsys__bluetooth__host.a(smp.c.obj)
 .text.smp_send_pairing_confirm
                0x000000000002faf0       0x78 zephyr/subsys/bluetooth/host/libsubsys__bluetooth__host.a(smp.c.obj)
 .text.smp_public_key_periph
                0x000000000002fb68      0x138 zephyr/subsys/bluetooth/host/libsubsys__bluetooth__host.a(smp.c.obj)
 .text.smp_public_key
                0x000000000002fca0       0x98 zephyr/subsys/bluetooth/host/libsubsys__bluetooth__host.a(smp.c.obj)
 .text.bt_smp_connected
                0x000000000002fd38       0x54 zephyr/subsys/bluetooth/host/libsubsys__bluetooth__host.a(smp.c.obj)
 .text.get_auth
                0x000000000002fd8c       0x68 zephyr/subsys/bluetooth/host/libsubsys__bluetooth__host.a(smp.c.obj)
 .text.smp_pairing_req
                0x000000000002fdf4      0x238 zephyr/subsys/bluetooth/host/libsubsys__bluetooth__host.a(smp.c.obj)
 .text.bt_smp_start_security
                0x000000000003002c      0x18c zephyr/subsys/bluetooth/host/libsubsys__bluetooth__host.a(smp.c.obj)
                0x000000000003002c                bt_smp_start_security
 .text.smp_pairing_complete
                0x00000000000301b8      0x120 zephyr/subsys/bluetooth/host/libsubsys__bluetooth__host.a(smp.c.obj)
 .text.bt_smp_recv
                0x00000000000302d8       0x84 zephyr/subsys/bluetooth/host/libsubsys__bluetooth__host.a(smp.c.obj)
 .text.bt_smp_pkey_ready
                0x000000000003035c       0x40 zephyr/subsys/bluetooth/host/libsubsys__bluetooth__host.a(smp.c.obj)
 .text.smp_ident_addr_info
                0x000000000003039c      0x108 zephyr/subsys/bluetooth/host/libsubsys__bluetooth__host.a(smp.c.obj)
 .text.bt_smp_encrypt_change
                0x00000000000304a4       0xec zephyr/subsys/bluetooth/host/libsubsys__bluetooth__host.a(smp.c.obj)
 .text.bt_smp_init
                0x0000000000030590       0x38 zephyr/subsys/bluetooth/host/libsubsys__bluetooth__host.a(smp.c.obj)
                0x0000000000030590                bt_smp_init
 .text.bt_keys_get_addr
                0x00000000000305c8       0x4c zephyr/subsys/bluetooth/host/libsubsys__bluetooth__host.a(keys.c.obj)
                0x00000000000305c8                bt_keys_get_addr
 .text.bt_foreach_bond
                0x0000000000030614       0x44 zephyr/subsys/bluetooth/host/libsubsys__bluetooth__host.a(keys.c.obj)
                0x0000000000030614                bt_foreach_bond
 .text.bt_keys_foreach_type
                0x0000000000030658       0x20 zephyr/subsys/bluetooth/host/libsubsys__bluetooth__host.a(keys.c.obj)
                0x0000000000030658                bt_keys_foreach_type
 .text.keys_commit
                0x0000000000030678       0x14 zephyr/subsys/bluetooth/host/libsubsys__bluetooth__host.a(keys.c.obj)
 .text.bt_keys_find
                0x000000000003068c       0x38 zephyr/subsys/bluetooth/host/libsubsys__bluetooth__host.a(keys.c.obj)
                0x000000000003068c                bt_keys_find
 .text.bt_keys_find_irk
                0x00000000000306c4       0x84 zephyr/subsys/bluetooth/host/libsubsys__bluetooth__host.a(keys.c.obj)
                0x00000000000306c4                bt_keys_find_irk
 .text.bt_keys_find_addr
                0x0000000000030748       0x24 zephyr/subsys/bluetooth/host/libsubsys__bluetooth__host.a(keys.c.obj)
                0x0000000000030748                bt_keys_find_addr
 .text.bt_crypto_f5
                0x000000000003076c       0xd0 zephyr/subsys/bluetooth/crypto/libsubsys__bluetooth__crypto.a(bt_crypto.c.obj)
                0x000000000003076c                bt_crypto_f5
 .text.bt_crypto_g2
                0x000000000003083c       0x5c zephyr/subsys/bluetooth/crypto/libsubsys__bluetooth__crypto.a(bt_crypto.c.obj)
                0x000000000003083c                bt_crypto_g2
 .text.mem_init
                0x0000000000030898       0x4c zephyr/subsys/bluetooth/controller/libsubsys__bluetooth__controller.a(mem.c.obj)
                0x0000000000030898                mem_init
 .text.mem_acquire
                0x00000000000308e4       0x2c zephyr/subsys/bluetooth/controller/libsubsys__bluetooth__controller.a(mem.c.obj)
                0x00000000000308e4                mem_acquire
 .text.mem_release
                0x0000000000030910       0x28 zephyr/subsys/bluetooth/controller/libsubsys__bluetooth__controller.a(mem.c.obj)
                0x0000000000030910                mem_release
 .text.mem_get  0x0000000000030938        0x8 zephyr/subsys/bluetooth/controller/libsubsys__bluetooth__controller.a(mem.c.obj)
                0x0000000000030938                mem_get
 .text.mem_index_get
                0x0000000000030940        0xc zephyr/subsys/bluetooth/controller/libsubsys__bluetooth__controller.a(mem.c.obj)
                0x0000000000030940                mem_index_get
 .text.mem_rcopy
                0x000000000003094c       0x1c zephyr/subsys/bluetooth/controller/libsubsys__bluetooth__controller.a(mem.c.obj)
                0x000000000003094c                mem_rcopy
 .text.mem_nz   0x0000000000030968       0x18 zephyr/subsys/bluetooth/controller/libsubsys__bluetooth__controller.a(mem.c.obj)
                0x0000000000030968                mem_nz
 .text.memq_init
                0x0000000000030980        0x8 zephyr/subsys/bluetooth/controller/libsubsys__bluetooth__controller.a(memq.c.obj)
                0x0000000000030980                memq_init
 .text.memq_deinit
                0x0000000000030988       0x14 zephyr/subsys/bluetooth/controller/libsubsys__bluetooth__controller.a(memq.c.obj)
                0x0000000000030988                memq_deinit
 .text.memq_enqueue
                0x000000000003099c       0x14 zephyr/subsys/bluetooth/controller/libsubsys__bluetooth__controller.a(memq.c.obj)
                0x000000000003099c                memq_enqueue
 .text.memq_peek
                0x00000000000309b0       0x10 zephyr/subsys/bluetooth/controller/libsubsys__bluetooth__controller.a(memq.c.obj)
                0x00000000000309b0                memq_peek
 .text.memq_dequeue
                0x00000000000309c0       0x20 zephyr/subsys/bluetooth/controller/libsubsys__bluetooth__controller.a(memq.c.obj)
                0x00000000000309c0                memq_dequeue
 .text.mayfly_init
                0x00000000000309e0       0x40 zephyr/subsys/bluetooth/controller/libsubsys__bluetooth__controller.a(mayfly.c.obj)
                0x00000000000309e0                mayfly_init
 .text.mayfly_enable
                0x0000000000030a20       0x6c zephyr/subsys/bluetooth/controller/libsubsys__bluetooth__controller.a(mayfly.c.obj)
                0x0000000000030a20                mayfly_enable
 .text.mayfly_enqueue
                0x0000000000030a8c       0xbc zephyr/subsys/bluetooth/controller/libsubsys__bluetooth__controller.a(mayfly.c.obj)
                0x0000000000030a8c                mayfly_enqueue
 .text.mayfly_run
                0x0000000000030b48      0x174 zephyr/subsys/bluetooth/controller/libsubsys__bluetooth__controller.a(mayfly.c.obj)
                0x0000000000030b48                mayfly_run
 .text.util_ones_count_get
                0x0000000000030cbc       0x28 zephyr/subsys/bluetooth/controller/libsubsys__bluetooth__controller.a(util.c.obj)
                0x0000000000030cbc                util_ones_count_get
 .text.ticker_dequeue
                0x0000000000030ce4       0x74 zephyr/subsys/bluetooth/controller/libsubsys__bluetooth__controller.a(ticker.c.obj)
 .text.ticks_to_expire_prep
                0x0000000000030d58       0x4c zephyr/subsys/bluetooth/controller/libsubsys__bluetooth__controller.a(ticker.c.obj)
 .text.start_us.constprop.0
                0x0000000000030da4       0xac zephyr/subsys/bluetooth/controller/libsubsys__bluetooth__controller.a(ticker.c.obj)
 .text.ticker_job_list_insert
                0x0000000000030e50      0x214 zephyr/subsys/bluetooth/controller/libsubsys__bluetooth__controller.a(ticker.c.obj)
 .text.ticker_worker
                0x0000000000031064      0x2b8 zephyr/subsys/bluetooth/controller/libsubsys__bluetooth__controller.a(ticker.c.obj)
                0x0000000000031064                ticker_worker
 .text.ticker_job
                0x000000000003131c      0xae0 zephyr/subsys/bluetooth/controller/libsubsys__bluetooth__controller.a(ticker.c.obj)
                0x000000000003131c                ticker_job
 .text.ticker_init
                0x0000000000031dfc       0x64 zephyr/subsys/bluetooth/controller/libsubsys__bluetooth__controller.a(ticker.c.obj)
                0x0000000000031dfc                ticker_init
 .text.ticker_is_initialized
                0x0000000000031e60       0x18 zephyr/subsys/bluetooth/controller/libsubsys__bluetooth__controller.a(ticker.c.obj)
                0x0000000000031e60                ticker_is_initialized
 .text.ticker_trigger
                0x0000000000031e78       0x34 zephyr/subsys/bluetooth/controller/libsubsys__bluetooth__controller.a(ticker.c.obj)
                0x0000000000031e78                ticker_trigger
 .text.ticker_start
                0x0000000000031eac       0x38 zephyr/subsys/bluetooth/controller/libsubsys__bluetooth__controller.a(ticker.c.obj)
                0x0000000000031eac                ticker_start
 .text.ticker_start_ext
                0x0000000000031ee4       0x10 zephyr/subsys/bluetooth/controller/libsubsys__bluetooth__controller.a(ticker.c.obj)
                0x0000000000031ee4                ticker_start_ext
 .text.ticker_update_ext
                0x0000000000031ef4       0xb0 zephyr/subsys/bluetooth/controller/libsubsys__bluetooth__controller.a(ticker.c.obj)
                0x0000000000031ef4                ticker_update_ext
 .text.ticker_update
                0x0000000000031fa4       0x30 zephyr/subsys/bluetooth/controller/libsubsys__bluetooth__controller.a(ticker.c.obj)
                0x0000000000031fa4                ticker_update
 .text.ticker_stop
                0x0000000000031fd4       0x84 zephyr/subsys/bluetooth/controller/libsubsys__bluetooth__controller.a(ticker.c.obj)
                0x0000000000031fd4                ticker_stop
 .text.ticker_stop_abs
                0x0000000000032058       0x88 zephyr/subsys/bluetooth/controller/libsubsys__bluetooth__controller.a(ticker.c.obj)
                0x0000000000032058                ticker_stop_abs
 .text.ticker_ticks_now_get
                0x00000000000320e0        0x4 zephyr/subsys/bluetooth/controller/libsubsys__bluetooth__controller.a(ticker.c.obj)
                0x00000000000320e0                ticker_ticks_now_get
 .text.ticker_ticks_diff_get
                0x00000000000320e4        0x8 zephyr/subsys/bluetooth/controller/libsubsys__bluetooth__controller.a(ticker.c.obj)
                0x00000000000320e4                ticker_ticks_diff_get
 .text.ll_feat_get
                0x00000000000320ec        0xc zephyr/subsys/bluetooth/controller/libsubsys__bluetooth__controller.a(ll_feat.c.obj)
                0x00000000000320ec                ll_feat_get
 .text.ll_tx_pwr_lvl_get
                0x00000000000320f8       0x20 zephyr/subsys/bluetooth/controller/libsubsys__bluetooth__controller.a(ll_tx_pwr.c.obj)
                0x00000000000320f8                ll_tx_pwr_lvl_get
 .text.ll_tx_pwr_get
                0x0000000000032118        0x8 zephyr/subsys/bluetooth/controller/libsubsys__bluetooth__controller.a(ll_tx_pwr.c.obj)
                0x0000000000032118                ll_tx_pwr_get
 .text.ll_addr_set
                0x0000000000032120       0x38 zephyr/subsys/bluetooth/controller/libsubsys__bluetooth__controller.a(ll_addr.c.obj)
                0x0000000000032120                ll_addr_set
 .text.ll_addr_get
                0x0000000000032158       0x20 zephyr/subsys/bluetooth/controller/libsubsys__bluetooth__controller.a(ll_addr.c.obj)
                0x0000000000032158                ll_addr_get
 .text.ll_addr_read
                0x0000000000032178       0x28 zephyr/subsys/bluetooth/controller/libsubsys__bluetooth__controller.a(ll_addr.c.obj)
                0x0000000000032178                ll_addr_read
 .text.perform_lll_reset
                0x00000000000321a0       0x94 zephyr/subsys/bluetooth/controller/libsubsys__bluetooth__controller.a(ull.c.obj)
 .text.ull_ticker_status_give
                0x0000000000032234        0xc zephyr/subsys/bluetooth/controller/libsubsys__bluetooth__controller.a(ull.c.obj)
                0x0000000000032234                ull_ticker_status_give
 .text.disabled_cb
                0x0000000000032240        0x4 zephyr/subsys/bluetooth/controller/libsubsys__bluetooth__controller.a(ull.c.obj)
 .text.tx_cmplt_get
                0x0000000000032244       0xb4 zephyr/subsys/bluetooth/controller/libsubsys__bluetooth__controller.a(ull.c.obj)
 .text.rx_replenish
                0x00000000000322f8      0x110 zephyr/subsys/bluetooth/controller/libsubsys__bluetooth__controller.a(ull.c.obj)
 .text.rx_demux
                0x0000000000032408      0x2b0 zephyr/subsys/bluetooth/controller/libsubsys__bluetooth__controller.a(ull.c.obj)
 .text.ll_rx_get
                0x00000000000326b8       0xf4 zephyr/subsys/bluetooth/controller/libsubsys__bluetooth__controller.a(ull.c.obj)
                0x00000000000326b8                ll_rx_get
 .text.ll_rx_dequeue
                0x00000000000327ac      0x1a8 zephyr/subsys/bluetooth/controller/libsubsys__bluetooth__controller.a(ull.c.obj)
                0x00000000000327ac                ll_rx_dequeue
 .text.ll_rx_mem_release
                0x0000000000032954      0x190 zephyr/subsys/bluetooth/controller/libsubsys__bluetooth__controller.a(ull.c.obj)
                0x0000000000032954                ll_rx_mem_release
 .text.ll_rx_link_alloc
                0x0000000000032ae4        0xc zephyr/subsys/bluetooth/controller/libsubsys__bluetooth__controller.a(ull.c.obj)
                0x0000000000032ae4                ll_rx_link_alloc
 .text.ll_rx_link_release
                0x0000000000032af0        0xc zephyr/subsys/bluetooth/controller/libsubsys__bluetooth__controller.a(ull.c.obj)
                0x0000000000032af0                ll_rx_link_release
 .text.ll_rx_alloc
                0x0000000000032afc        0xc zephyr/subsys/bluetooth/controller/libsubsys__bluetooth__controller.a(ull.c.obj)
                0x0000000000032afc                ll_rx_alloc
 .text.ll_rx_release
                0x0000000000032b08        0xc zephyr/subsys/bluetooth/controller/libsubsys__bluetooth__controller.a(ull.c.obj)
                0x0000000000032b08                ll_rx_release
 .text.ll_rx_put
                0x0000000000032b14       0x14 zephyr/subsys/bluetooth/controller/libsubsys__bluetooth__controller.a(ull.c.obj)
                0x0000000000032b14                ll_rx_put
 .text.ll_rx_put_sched
                0x0000000000032b28       0x28 zephyr/subsys/bluetooth/controller/libsubsys__bluetooth__controller.a(ull.c.obj)
                0x0000000000032b28                ll_rx_put_sched
 .text.ll_pdu_rx_alloc_peek
                0x0000000000032b50       0x44 zephyr/subsys/bluetooth/controller/libsubsys__bluetooth__controller.a(ull.c.obj)
                0x0000000000032b50                ll_pdu_rx_alloc_peek
 .text.ll_pdu_rx_alloc
                0x0000000000032b94       0x2c zephyr/subsys/bluetooth/controller/libsubsys__bluetooth__controller.a(ull.c.obj)
                0x0000000000032b94                ll_pdu_rx_alloc
 .text.ll_tx_ack_put
                0x0000000000032bc0       0x64 zephyr/subsys/bluetooth/controller/libsubsys__bluetooth__controller.a(ull.c.obj)
                0x0000000000032bc0                ll_tx_ack_put
 .text.ll_timeslice_ticker_id_get
                0x0000000000032c24        0xc zephyr/subsys/bluetooth/controller/libsubsys__bluetooth__controller.a(ull.c.obj)
                0x0000000000032c24                ll_timeslice_ticker_id_get
 .text.ll_radio_state_abort
                0x0000000000032c30       0x40 zephyr/subsys/bluetooth/controller/libsubsys__bluetooth__controller.a(ull.c.obj)
                0x0000000000032c30                ll_radio_state_abort
 .text.ull_ticker_status_take
                0x0000000000032c70       0x24 zephyr/subsys/bluetooth/controller/libsubsys__bluetooth__controller.a(ull.c.obj)
                0x0000000000032c70                ull_ticker_status_take
 .text.ull_disable_mark
                0x0000000000032c94       0x18 zephyr/subsys/bluetooth/controller/libsubsys__bluetooth__controller.a(ull.c.obj)
                0x0000000000032c94                ull_disable_mark
 .text.ull_disable_unmark
                0x0000000000032cac       0x18 zephyr/subsys/bluetooth/controller/libsubsys__bluetooth__controller.a(ull.c.obj)
                0x0000000000032cac                ull_disable_unmark
 .text.ull_disable_mark_get
                0x0000000000032cc4        0xc zephyr/subsys/bluetooth/controller/libsubsys__bluetooth__controller.a(ull.c.obj)
                0x0000000000032cc4                ull_disable_mark_get
 .text.ull_update_mark
                0x0000000000032cd0       0x18 zephyr/subsys/bluetooth/controller/libsubsys__bluetooth__controller.a(ull.c.obj)
                0x0000000000032cd0                ull_update_mark
 .text.ull_update_unmark
                0x0000000000032ce8       0x18 zephyr/subsys/bluetooth/controller/libsubsys__bluetooth__controller.a(ull.c.obj)
                0x0000000000032ce8                ull_update_unmark
 .text.ull_update_mark_get
                0x0000000000032d00        0xc zephyr/subsys/bluetooth/controller/libsubsys__bluetooth__controller.a(ull.c.obj)
                0x0000000000032d00                ull_update_mark_get
 .text.ull_disable
                0x0000000000032d0c       0x78 zephyr/subsys/bluetooth/controller/libsubsys__bluetooth__controller.a(ull.c.obj)
                0x0000000000032d0c                ull_disable
 .text.ull_ticker_stop_with_mark
                0x0000000000032d84       0xa4 zephyr/subsys/bluetooth/controller/libsubsys__bluetooth__controller.a(ull.c.obj)
                0x0000000000032d84                ull_ticker_stop_with_mark
 .text.ull_pdu_rx_alloc_peek
                0x0000000000032e28       0x44 zephyr/subsys/bluetooth/controller/libsubsys__bluetooth__controller.a(ull.c.obj)
                0x0000000000032e28                ull_pdu_rx_alloc_peek
 .text.ull_pdu_rx_alloc
                0x0000000000032e6c       0x2c zephyr/subsys/bluetooth/controller/libsubsys__bluetooth__controller.a(ull.c.obj)
                0x0000000000032e6c                ull_pdu_rx_alloc
 .text.ull_rx_put
                0x0000000000032e98       0x20 zephyr/subsys/bluetooth/controller/libsubsys__bluetooth__controller.a(ull.c.obj)
                0x0000000000032e98                ull_rx_put
 .text.ull_rx_sched
                0x0000000000032eb8       0x10 zephyr/subsys/bluetooth/controller/libsubsys__bluetooth__controller.a(ull.c.obj)
                0x0000000000032eb8                ull_rx_sched
 .text.ull_rx_put_sched
                0x0000000000032ec8       0x30 zephyr/subsys/bluetooth/controller/libsubsys__bluetooth__controller.a(ull.c.obj)
                0x0000000000032ec8                ull_rx_put_sched
 .text.ull_prepare_enqueue
                0x0000000000032ef8       0x74 zephyr/subsys/bluetooth/controller/libsubsys__bluetooth__controller.a(ull.c.obj)
                0x0000000000032ef8                ull_prepare_enqueue
 .text.ull_prepare_dequeue_get
                0x0000000000032f6c       0x1c zephyr/subsys/bluetooth/controller/libsubsys__bluetooth__controller.a(ull.c.obj)
                0x0000000000032f6c                ull_prepare_dequeue_get
 .text.ull_prepare_dequeue_iter
                0x0000000000032f88       0x40 zephyr/subsys/bluetooth/controller/libsubsys__bluetooth__controller.a(ull.c.obj)
                0x0000000000032f88                ull_prepare_dequeue_iter
 .text.ull_prepare_dequeue
                0x0000000000032fc8       0xc8 zephyr/subsys/bluetooth/controller/libsubsys__bluetooth__controller.a(ull.c.obj)
                0x0000000000032fc8                ull_prepare_dequeue
 .text.ull_event_done_extra_get
                0x0000000000033090       0x20 zephyr/subsys/bluetooth/controller/libsubsys__bluetooth__controller.a(ull.c.obj)
                0x0000000000033090                ull_event_done_extra_get
 .text.ull_event_done
                0x00000000000330b0       0x60 zephyr/subsys/bluetooth/controller/libsubsys__bluetooth__controller.a(ull.c.obj)
                0x00000000000330b0                ull_event_done
 .text.ull_rxfifo_alloc
                0x0000000000033110       0x88 zephyr/subsys/bluetooth/controller/libsubsys__bluetooth__controller.a(ull.c.obj)
                0x0000000000033110                ull_rxfifo_alloc
 .text.init_reset
                0x0000000000033198       0xfc zephyr/subsys/bluetooth/controller/libsubsys__bluetooth__controller.a(ull.c.obj)
 .text.ll_init  0x0000000000033294       0xf4 zephyr/subsys/bluetooth/controller/libsubsys__bluetooth__controller.a(ull.c.obj)
                0x0000000000033294                ll_init
 .text.ll_reset
                0x0000000000033388      0x12c zephyr/subsys/bluetooth/controller/libsubsys__bluetooth__controller.a(ull.c.obj)
                0x0000000000033388                ll_reset
 .text.ll_deinit
                0x00000000000334b4       0x10 zephyr/subsys/bluetooth/controller/libsubsys__bluetooth__controller.a(ull.c.obj)
                0x00000000000334b4                ll_deinit
 .text.lll_prepare
                0x00000000000334c4       0x14 zephyr/subsys/bluetooth/controller/libsubsys__bluetooth__controller.a(lll_common.c.obj)
                0x00000000000334c4                lll_prepare
 .text.lll_resume
                0x00000000000334d8       0x4c zephyr/subsys/bluetooth/controller/libsubsys__bluetooth__controller.a(lll_common.c.obj)
                0x00000000000334d8                lll_resume
 .text.hci_driver_init
                0x0000000000033524       0x10 zephyr/subsys/bluetooth/controller/libsubsys__bluetooth__controller.a(hci_driver.c.obj)
 .text.hci_driver_send
                0x0000000000033534       0x6c zephyr/subsys/bluetooth/controller/libsubsys__bluetooth__controller.a(hci_driver.c.obj)
 .text.hci_driver_close
                0x00000000000335a0       0x20 zephyr/subsys/bluetooth/controller/libsubsys__bluetooth__controller.a(hci_driver.c.obj)
 .text.recv_thread
                0x00000000000335c0      0x120 zephyr/subsys/bluetooth/controller/libsubsys__bluetooth__controller.a(hci_driver.c.obj)
 .text.prio_recv_thread
                0x00000000000336e0       0xc8 zephyr/subsys/bluetooth/controller/libsubsys__bluetooth__controller.a(hci_driver.c.obj)
 .text.hci_driver_open
                0x00000000000337a8       0xa8 zephyr/subsys/bluetooth/controller/libsubsys__bluetooth__controller.a(hci_driver.c.obj)
 .text.hci_recv_fifo_reset
                0x0000000000033850       0x20 zephyr/subsys/bluetooth/controller/libsubsys__bluetooth__controller.a(hci_driver.c.obj)
                0x0000000000033850                hci_recv_fifo_reset
 .text.le_remote_feat_complete
                0x0000000000033870       0x78 zephyr/subsys/bluetooth/controller/libsubsys__bluetooth__controller.a(hci.c.obj)
 .text.hci_vendor_cmd_handle_common
                0x00000000000338e8      0x194 zephyr/subsys/bluetooth/controller/libsubsys__bluetooth__controller.a(hci.c.obj)
                0x00000000000338e8                hci_vendor_cmd_handle_common
 .text.hci_cmd_handle
                0x0000000000033a7c      0x8d0 zephyr/subsys/bluetooth/controller/libsubsys__bluetooth__controller.a(hci.c.obj)
                0x0000000000033a7c                hci_cmd_handle
 .text.hci_acl_handle
                0x000000000003434c       0xbc zephyr/subsys/bluetooth/controller/libsubsys__bluetooth__controller.a(hci.c.obj)
                0x000000000003434c                hci_acl_handle
 .text.hci_disconn_complete_encode
                0x0000000000034408       0x40 zephyr/subsys/bluetooth/controller/libsubsys__bluetooth__controller.a(hci.c.obj)
                0x0000000000034408                hci_disconn_complete_encode
 .text.hci_disconn_complete_process
                0x0000000000034448       0x10 zephyr/subsys/bluetooth/controller/libsubsys__bluetooth__controller.a(hci.c.obj)
                0x0000000000034448                hci_disconn_complete_process
 .text.hci_acl_encode
                0x0000000000034458       0x74 zephyr/subsys/bluetooth/controller/libsubsys__bluetooth__controller.a(hci.c.obj)
                0x0000000000034458                hci_acl_encode
 .text.hci_evt_encode
                0x00000000000344cc      0x5ac zephyr/subsys/bluetooth/controller/libsubsys__bluetooth__controller.a(hci.c.obj)
                0x00000000000344cc                hci_evt_encode
 .text.hci_num_cmplt_encode
                0x0000000000034a78       0x30 zephyr/subsys/bluetooth/controller/libsubsys__bluetooth__controller.a(hci.c.obj)
                0x0000000000034a78                hci_num_cmplt_encode
 .text.hci_get_class
                0x0000000000034aa8       0x2c zephyr/subsys/bluetooth/controller/libsubsys__bluetooth__controller.a(hci.c.obj)
                0x0000000000034aa8                hci_get_class
 .text.ticker_stop_cb
                0x0000000000034ad4       0x88 zephyr/subsys/bluetooth/controller/libsubsys__bluetooth__controller.a(ull_adv.c.obj)
 .text.ticker_stop_op_cb
                0x0000000000034b5c       0x48 zephyr/subsys/bluetooth/controller/libsubsys__bluetooth__controller.a(ull_adv.c.obj)
 .text.disabled_cb
                0x0000000000034ba4       0x90 zephyr/subsys/bluetooth/controller/libsubsys__bluetooth__controller.a(ull_adv.c.obj)
 .text.adv_disable
                0x0000000000034c34       0x80 zephyr/subsys/bluetooth/controller/libsubsys__bluetooth__controller.a(ull_adv.c.obj)
 .text.ticker_update_op_cb
                0x0000000000034cb4       0x50 zephyr/subsys/bluetooth/controller/libsubsys__bluetooth__controller.a(ull_adv.c.obj)
 .text.init_set.constprop.0
                0x0000000000034d04       0x54 zephyr/subsys/bluetooth/controller/libsubsys__bluetooth__controller.a(ull_adv.c.obj)
 .text.conn_release.constprop.0
                0x0000000000034d58       0x84 zephyr/subsys/bluetooth/controller/libsubsys__bluetooth__controller.a(ull_adv.c.obj)
 .text.disable.constprop.0
                0x0000000000034ddc      0x160 zephyr/subsys/bluetooth/controller/libsubsys__bluetooth__controller.a(ull_adv.c.obj)
 .text.adv_time_get.constprop.0.isra.0
                0x0000000000034f3c       0x7c zephyr/subsys/bluetooth/controller/libsubsys__bluetooth__controller.a(ull_adv.c.obj)
 .text.ticker_cb
                0x0000000000034fb8      0x138 zephyr/subsys/bluetooth/controller/libsubsys__bluetooth__controller.a(ull_adv.c.obj)
 .text.ll_adv_params_set
                0x00000000000350f0      0x1e8 zephyr/subsys/bluetooth/controller/libsubsys__bluetooth__controller.a(ull_adv.c.obj)
                0x00000000000350f0                ll_adv_params_set
 .text.ull_adv_init
                0x00000000000352d8       0x20 zephyr/subsys/bluetooth/controller/libsubsys__bluetooth__controller.a(ull_adv.c.obj)
                0x00000000000352d8                ull_adv_init
 .text.ull_adv_reset
                0x00000000000352f8        0xc zephyr/subsys/bluetooth/controller/libsubsys__bluetooth__controller.a(ull_adv.c.obj)
                0x00000000000352f8                ull_adv_reset
 .text.ull_adv_reset_finalize
                0x0000000000035304       0x2c zephyr/subsys/bluetooth/controller/libsubsys__bluetooth__controller.a(ull_adv.c.obj)
                0x0000000000035304                ull_adv_reset_finalize
 .text.ull_adv_handle_get
                0x0000000000035330       0x18 zephyr/subsys/bluetooth/controller/libsubsys__bluetooth__controller.a(ull_adv.c.obj)
                0x0000000000035330                ull_adv_handle_get
 .text.ull_adv_lll_handle_get
                0x0000000000035348       0x1c zephyr/subsys/bluetooth/controller/libsubsys__bluetooth__controller.a(ull_adv.c.obj)
                0x0000000000035348                ull_adv_lll_handle_get
 .text.ull_adv_is_enabled_get
                0x0000000000035364       0x1c zephyr/subsys/bluetooth/controller/libsubsys__bluetooth__controller.a(ull_adv.c.obj)
                0x0000000000035364                ull_adv_is_enabled_get
 .text.ull_adv_is_enabled
                0x0000000000035380       0x18 zephyr/subsys/bluetooth/controller/libsubsys__bluetooth__controller.a(ull_adv.c.obj)
                0x0000000000035380                ull_adv_is_enabled
 .text.ull_adv_filter_pol_get